Archive member included to satisfy reference by file (symbol)

C:\Users\user\workspace\projetoMicro\Lib\libarm_cortexM4lf_math.a(arm_rfft_fast_init_f32.o)
                              src/main.o (arm_rfft_fast_init_f32)
C:\Users\user\workspace\projetoMicro\Lib\libarm_cortexM4lf_math.a(arm_rfft_fast_f32.o)
                              src/main.o (arm_rfft_fast_f32)
C:\Users\user\workspace\projetoMicro\Lib\libarm_cortexM4lf_math.a(arm_cfft_f32.o)
                              C:\Users\user\workspace\projetoMicro\Lib\libarm_cortexM4lf_math.a(arm_rfft_fast_f32.o) (arm_cfft_f32)
C:\Users\user\workspace\projetoMicro\Lib\libarm_cortexM4lf_math.a(arm_common_tables.o)
                              C:\Users\user\workspace\projetoMicro\Lib\libarm_cortexM4lf_math.a(arm_rfft_fast_init_f32.o) (twiddleCoef_rfft_4096)
C:\Users\user\workspace\projetoMicro\Lib\libarm_cortexM4lf_math.a(arm_bitreversal2.o)
                              C:\Users\user\workspace\projetoMicro\Lib\libarm_cortexM4lf_math.a(arm_cfft_f32.o) (arm_bitreversal_32)
C:\Users\user\workspace\projetoMicro\Lib\libarm_cortexM4lf_math.a(arm_cfft_radix8_f32.o)
                              C:\Users\user\workspace\projetoMicro\Lib\libarm_cortexM4lf_math.a(arm_cfft_f32.o) (arm_radix8_butterfly_f32)
c:/ac6/systemworkbench/plugins/fr.ac6.mcu.externaltools.arm-none.win32_1.17.0.201812190825/tools/compiler/bin/../lib/gcc/arm-none-eabi/7.3.1/../../../../arm-none-eabi/lib/thumb/v7e-m/fpv4-sp/hard\libm.a(lib_a-w_sqrt.o)
                              src/main.o (sqrt)
c:/ac6/systemworkbench/plugins/fr.ac6.mcu.externaltools.arm-none.win32_1.17.0.201812190825/tools/compiler/bin/../lib/gcc/arm-none-eabi/7.3.1/../../../../arm-none-eabi/lib/thumb/v7e-m/fpv4-sp/hard\libm.a(lib_a-e_sqrt.o)
                              c:/ac6/systemworkbench/plugins/fr.ac6.mcu.externaltools.arm-none.win32_1.17.0.201812190825/tools/compiler/bin/../lib/gcc/arm-none-eabi/7.3.1/../../../../arm-none-eabi/lib/thumb/v7e-m/fpv4-sp/hard\libm.a(lib_a-w_sqrt.o) (__ieee754_sqrt)
c:/ac6/systemworkbench/plugins/fr.ac6.mcu.externaltools.arm-none.win32_1.17.0.201812190825/tools/compiler/bin/../lib/gcc/arm-none-eabi/7.3.1/../../../../arm-none-eabi/lib/thumb/v7e-m/fpv4-sp/hard\libm.a(lib_a-s_lib_ver.o)
                              c:/ac6/systemworkbench/plugins/fr.ac6.mcu.externaltools.arm-none.win32_1.17.0.201812190825/tools/compiler/bin/../lib/gcc/arm-none-eabi/7.3.1/../../../../arm-none-eabi/lib/thumb/v7e-m/fpv4-sp/hard\libm.a(lib_a-w_sqrt.o) (__fdlib_version)
c:/ac6/systemworkbench/plugins/fr.ac6.mcu.externaltools.arm-none.win32_1.17.0.201812190825/tools/compiler/bin/../lib/gcc/arm-none-eabi/7.3.1/../../../../arm-none-eabi/lib/thumb/v7e-m/fpv4-sp/hard\libm.a(lib_a-s_matherr.o)
                              c:/ac6/systemworkbench/plugins/fr.ac6.mcu.externaltools.arm-none.win32_1.17.0.201812190825/tools/compiler/bin/../lib/gcc/arm-none-eabi/7.3.1/../../../../arm-none-eabi/lib/thumb/v7e-m/fpv4-sp/hard\libm.a(lib_a-w_sqrt.o) (matherr)
c:/ac6/systemworkbench/plugins/fr.ac6.mcu.externaltools.arm-none.win32_1.17.0.201812190825/tools/compiler/bin/../lib/gcc/arm-none-eabi/7.3.1/thumb/v7e-m/fpv4-sp/hard\libgcc.a(_arm_addsubdf3.o)
                              c:/ac6/systemworkbench/plugins/fr.ac6.mcu.externaltools.arm-none.win32_1.17.0.201812190825/tools/compiler/bin/../lib/gcc/arm-none-eabi/7.3.1/../../../../arm-none-eabi/lib/thumb/v7e-m/fpv4-sp/hard\libm.a(lib_a-e_sqrt.o) (__aeabi_dsub)
c:/ac6/systemworkbench/plugins/fr.ac6.mcu.externaltools.arm-none.win32_1.17.0.201812190825/tools/compiler/bin/../lib/gcc/arm-none-eabi/7.3.1/thumb/v7e-m/fpv4-sp/hard\libgcc.a(_arm_muldivdf3.o)
                              c:/ac6/systemworkbench/plugins/fr.ac6.mcu.externaltools.arm-none.win32_1.17.0.201812190825/tools/compiler/bin/../lib/gcc/arm-none-eabi/7.3.1/../../../../arm-none-eabi/lib/thumb/v7e-m/fpv4-sp/hard\libm.a(lib_a-e_sqrt.o) (__aeabi_dmul)
c:/ac6/systemworkbench/plugins/fr.ac6.mcu.externaltools.arm-none.win32_1.17.0.201812190825/tools/compiler/bin/../lib/gcc/arm-none-eabi/7.3.1/thumb/v7e-m/fpv4-sp/hard\libgcc.a(_arm_cmpdf2.o)
                              c:/ac6/systemworkbench/plugins/fr.ac6.mcu.externaltools.arm-none.win32_1.17.0.201812190825/tools/compiler/bin/../lib/gcc/arm-none-eabi/7.3.1/../../../../arm-none-eabi/lib/thumb/v7e-m/fpv4-sp/hard\libm.a(lib_a-w_sqrt.o) (__aeabi_dcmplt)
c:/ac6/systemworkbench/plugins/fr.ac6.mcu.externaltools.arm-none.win32_1.17.0.201812190825/tools/compiler/bin/../lib/gcc/arm-none-eabi/7.3.1/thumb/v7e-m/fpv4-sp/hard\libgcc.a(_arm_unorddf2.o)
                              c:/ac6/systemworkbench/plugins/fr.ac6.mcu.externaltools.arm-none.win32_1.17.0.201812190825/tools/compiler/bin/../lib/gcc/arm-none-eabi/7.3.1/../../../../arm-none-eabi/lib/thumb/v7e-m/fpv4-sp/hard\libm.a(lib_a-w_sqrt.o) (__aeabi_dcmpun)
[...]
Memory Configuration

Name             Origin             Length             Attributes
RAM              0x20000000         0x00020000         xrw
ROM              0x08000000         0x00080000         xr
*default*        0x00000000         0xffffffff

Linker script and memory map

LOAD c:/ac6/systemworkbench/plugins/fr.ac6.mcu.externaltools.arm-none.win32_1.17.0.201812190825/tools/compiler/bin/../lib/gcc/arm-none-eabi/7.3.1/thumb/v7e-m/fpv4-sp/hard/crti.o
LOAD c:/ac6/systemworkbench/plugins/fr.ac6.mcu.externaltools.arm-none.win32_1.17.0.201812190825/tools/compiler/bin/../lib/gcc/arm-none-eabi/7.3.1/thumb/v7e-m/fpv4-sp/hard/crtbegin.o
LOAD c:/ac6/systemworkbench/plugins/fr.ac6.mcu.externaltools.arm-none.win32_1.17.0.201812190825/tools/compiler/bin/../lib/gcc/arm-none-eabi/7.3.1/../../../../arm-none-eabi/lib/thumb/v7e-m/fpv4-sp/hard/crt0.o
LOAD StdPeriph_Driver/src/misc.o
LOAD StdPeriph_Driver/src/stm32f4xx_adc.o
LOAD StdPeriph_Driver/src/stm32f4xx_can.o
LOAD StdPeriph_Driver/src/stm32f4xx_cec.o
LOAD StdPeriph_Driver/src/stm32f4xx_crc.o
LOAD StdPeriph_Driver/src/stm32f4xx_cryp.o
LOAD StdPeriph_Driver/src/stm32f4xx_cryp_aes.o
LOAD StdPeriph_Driver/src/stm32f4xx_cryp_des.o
LOAD StdPeriph_Driver/src/stm32f4xx_cryp_tdes.o
LOAD StdPeriph_Driver/src/stm32f4xx_dac.o
LOAD StdPeriph_Driver/src/stm32f4xx_dbgmcu.o
LOAD StdPeriph_Driver/src/stm32f4xx_dcmi.o
LOAD StdPeriph_Driver/src/stm32f4xx_dfsdm.o
LOAD StdPeriph_Driver/src/stm32f4xx_dma.o
LOAD StdPeriph_Driver/src/stm32f4xx_dma2d.o
LOAD StdPeriph_Driver/src/stm32f4xx_dsi.o
LOAD StdPeriph_Driver/src/stm32f4xx_exti.o
LOAD StdPeriph_Driver/src/stm32f4xx_flash.o
LOAD StdPeriph_Driver/src/stm32f4xx_flash_ramfunc.o
LOAD StdPeriph_Driver/src/stm32f4xx_fmc.o
LOAD StdPeriph_Driver/src/stm32f4xx_fmip2c.o
LOAD StdPeriph_Driver/src/stm32f4xx_fsmc.o
LOAD StdPeriph_Driver/src/stm32f4xx_gpio.o
LOAD StdPeriph_Driver/src/stm32f4xx_hash.o
LOAD StdPeriph_Driver/src/stm32f4xx_hash_md5.o
LOAD StdPeriph_Driver/src/stm32f4xx_hash_sha1.o
LOAD StdPeriph_Driver/src/stm32f4xx_i2c.o
LOAD StdPeriph_Driver/src/stm32f4xx_iwdg.o
LOAD StdPeriph_Driver/src/stm32f4xx_lptim.o
LOAD StdPeriph_Driver/src/stm32f4xx_ltdc.o
LOAD StdPeriph_Driver/src/stm32f4xx_pwr.o
LOAD StdPeriph_Driver/src/stm32f4xx_qspi.o
LOAD StdPeriph_Driver/src/stm32f4xx_rcc.o
LOAD StdPeriph_Driver/src/stm32f4xx_rng.o
LOAD StdPeriph_Driver/src/stm32f4xx_rtc.o
LOAD StdPeriph_Driver/src/stm32f4xx_sai.o
LOAD StdPeriph_Driver/src/stm32f4xx_sdio.o
LOAD StdPeriph_Driver/src/stm32f4xx_spdifrx.o
LOAD StdPeriph_Driver/src/stm32f4xx_spi.o
LOAD StdPeriph_Driver/src/stm32f4xx_syscfg.o
LOAD StdPeriph_Driver/src/stm32f4xx_tim.o
LOAD StdPeriph_Driver/src/stm32f4xx_usart.o
LOAD StdPeriph_Driver/src/stm32f4xx_wwdg.o
LOAD src/main.o
LOAD src/syscalls.o
LOAD src/system_stm32f4xx.o
LOAD startup/startup_stm32.o
LOAD C:\Users\user\workspace\projetoMicro\Lib\libarm_cortexM4lf_math.a
LOAD c:/ac6/systemworkbench/plugins/fr.ac6.mcu.externaltools.arm-none.win32_1.17.0.201812190825/tools/compiler/bin/../lib/gcc/arm-none-eabi/7.3.1/../../../../arm-none-eabi/lib/thumb/v7e-m/fpv4-sp/hard\libstdc++.a
LOAD c:/ac6/systemworkbench/plugins/fr.ac6.mcu.externaltools.arm-none.win32_1.17.0.201812190825/tools/compiler/bin/../lib/gcc/arm-none-eabi/7.3.1/../../../../arm-none-eabi/lib/thumb/v7e-m/fpv4-sp/hard\libm.a
START GROUP
LOAD c:/ac6/systemworkbench/plugins/fr.ac6.mcu.externaltools.arm-none.win32_1.17.0.201812190825/tools/compiler/bin/../lib/gcc/arm-none-eabi/7.3.1/thumb/v7e-m/fpv4-sp/hard\libgcc.a
LOAD c:/ac6/systemworkbench/plugins/fr.ac6.mcu.externaltools.arm-none.win32_1.17.0.201812190825/tools/compiler/bin/../lib/gcc/arm-none-eabi/7.3.1/../../../../arm-none-eabi/lib/thumb/v7e-m/fpv4-sp/hard\libc.a
END GROUP
LOAD c:/ac6/systemworkbench/plugins/fr.ac6.mcu.externaltools.arm-none.win32_1.17.0.201812190825/tools/compiler/bin/../lib/gcc/arm-none-eabi/7.3.1/thumb/v7e-m/fpv4-sp/hard/crtend.o
LOAD c:/ac6/systemworkbench/plugins/fr.ac6.mcu.externaltools.arm-none.win32_1.17.0.201812190825/tools/compiler/bin/../lib/gcc/arm-none-eabi/7.3.1/thumb/v7e-m/fpv4-sp/hard/crtn.o
                0x20020000                _estack = 0x20020000
                0x00000000                _Min_Heap_Size = 0x0
                0x00000400                _Min_Stack_Size = 0x400

.isr_vector     0x08000000      0x1a8
                0x08000000                . = ALIGN (0x4)
 *(.isr_vector)
 .isr_vector    0x08000000      0x1a8 startup/startup_stm32.o
                0x08000000                g_pfnVectors
                0x080001a8                . = ALIGN (0x4)

.text           0x080001c0     0x42bc
                0x080001c0                . = ALIGN (0x4)
 *(.text)
 .text          0x080001c0       0x40 c:/ac6/systemworkbench/plugins/fr.ac6.mcu.externaltools.arm-none.win32_1.17.0.201812190825/tools/compiler/bin/../lib/gcc/arm-none-eabi/7.3.1/thumb/v7e-m/fpv4-sp/hard/crtbegin.o
 .text          0x08000200       0xc0 C:\Users\user\workspace\projetoMicro\Lib\libarm_cortexM4lf_math.a(arm_bitreversal2.o)
                0x08000200                arm_bitreversal_32
                0x0800026a                arm_bitreversal_16
 .text          0x080002c0      0x378 c:/ac6/systemworkbench/plugins/fr.ac6.mcu.externaltools.arm-none.win32_1.17.0.201812190825/tools/compiler/bin/../lib/gcc/arm-none-eabi/7.3.1/thumb/v7e-m/fpv4-sp/hard\libgcc.a(_arm_addsubdf3.o)
                0x080002c0                __aeabi_drsub
                0x080002c8                __aeabi_dsub
                0x080002c8                __subdf3
                0x080002cc                __aeabi_dadd
                0x080002cc                __adddf3
                0x08000544                __floatunsidf
                0x08000544                __aeabi_ui2d
                0x08000564                __floatsidf
                0x08000564                __aeabi_i2d
                0x08000588                __aeabi_f2d
                0x08000588                __extendsfdf2
                0x080005cc                __floatundidf
                0x080005cc                __aeabi_ul2d
                0x080005dc                __floatdidf
                0x080005dc                __aeabi_l2d
 .text          0x08000638      0x424 c:/ac6/systemworkbench/plugins/fr.ac6.mcu.externaltools.arm-none.win32_1.17.0.201812190825/tools/compiler/bin/../lib/gcc/arm-none-eabi/7.3.1/thumb/v7e-m/fpv4-sp/hard\libgcc.a(_arm_muldivdf3.o)
                0x08000638                __aeabi_dmul
                0x08000638                __muldf3
                0x0800088c                __divdf3
                0x0800088c                __aeabi_ddiv
 .text          0x08000a5c      0x110 c:/ac6/systemworkbench/plugins/fr.ac6.mcu.externaltools.arm-none.win32_1.17.0.201812190825/tools/compiler/bin/../lib/gcc/arm-none-eabi/7.3.1/thumb/v7e-m/fpv4-sp/hard\libgcc.a(_arm_cmpdf2.o)
                0x08000a5c                __gtdf2
                0x08000a5c                __gedf2
                0x08000a64                __ltdf2
                0x08000a64                __ledf2
                0x08000a6c                __nedf2
                0x08000a6c                __eqdf2
                0x08000a6c                __cmpdf2
                0x08000ae8                __aeabi_cdrcmple
                0x08000af8                __aeabi_cdcmpeq
                0x08000af8                __aeabi_cdcmple
                0x08000b08                __aeabi_dcmpeq
                0x08000b1c                __aeabi_dcmplt
                0x08000b30                __aeabi_dcmple
                0x08000b44                __aeabi_dcmpge
                0x08000b58                __aeabi_dcmpgt
 .text          0x08000b6c       0x2c c:/ac6/systemworkbench/plugins/fr.ac6.mcu.externaltools.arm-none.win32_1.17.0.201812190825/tools/compiler/bin/../lib/gcc/arm-none-eabi/7.3.1/thumb/v7e-m/fpv4-sp/hard\libgcc.a(_arm_unorddf2.o)
                0x08000b6c                __unorddf2
                0x08000b6c                __aeabi_dcmpun
 .text          0x08000b98       0xa0 c:/ac6/systemworkbench/plugins/fr.ac6.mcu.externaltools.arm-none.win32_1.17.0.201812190825/tools/compiler/bin/../lib/gcc/arm-none-eabi/7.3.1/thumb/v7e-m/fpv4-sp/hard\libgcc.a(_arm_truncdfsf2.o)
                0x08000b98                __truncdfsf2
                0x08000b98                __aeabi_d2f
 *fill*         0x08000c38        0x8 
 .text          0x08000c40       0xdc c:/ac6/systemworkbench/plugins/fr.ac6.mcu.externaltools.arm-none.win32_1.17.0.201812190825/tools/compiler/bin/../lib/gcc/arm-none-eabi/7.3.1/../../../../arm-none-eabi/lib/thumb/v7e-m/fpv4-sp/hard\libc.a(lib_a-strlen.o)
                0x08000c40                strlen
 *fill*         0x08000d1c        0x4 
 .text          0x08000d20       0xa0 c:/ac6/systemworkbench/plugins/fr.ac6.mcu.externaltools.arm-none.win32_1.17.0.201812190825/tools/compiler/bin/../lib/gcc/arm-none-eabi/7.3.1/../../../../arm-none-eabi/lib/thumb/v7e-m/fpv4-sp/hard\libc.a(lib_a-memchr.o)
                0x08000d20                memchr
 .text          0x08000dc0      0x134 c:/ac6/systemworkbench/plugins/fr.ac6.mcu.externaltools.arm-none.win32_1.17.0.201812190825/tools/compiler/bin/../lib/gcc/arm-none-eabi/7.3.1/../../../../arm-none-eabi/lib/thumb/v7e-m/fpv4-sp/hard\libc.a(lib_a-memcpy.o)
                0x08000dc0                memcpy
 *(.text*)
 .text.NVIC_EnableIRQ
                0x08000ef4       0x34 src/main.o
 .text.NVIC_SetPriority
                0x08000f28       0x54 src/main.o
 .text.Utility_Init
                0x08000f7c       0x10 src/main.o
                0x08000f7c                Utility_Init
 .text.Configure_Clock
                0x08000f8c       0xa8 src/main.o
                0x08000f8c                Configure_Clock
 .text.Delay_Start
                0x08001034       0x58 src/main.o
                0x08001034                Delay_Start
 .text.Delay_ms
                0x0800108c       0x36 src/main.o
                0x0800108c                Delay_ms
 *fill*         0x080010c2        0x2 
 .text.USART1_Init
                0x080010c4       0x6c src/main.o
                0x080010c4                USART1_Init
 .text.__io_putchar
                0x08001130       0x38 src/main.o
                0x08001130                __io_putchar
 .text.__io_getchar
                0x08001168       0x1c src/main.o
                0x08001168                __io_getchar
 .text.USART1_IRQHandler
                0x08001184       0x14 src/main.o
                0x08001184                USART1_IRQHandler
 .text.main     0x08001198      0x3f4 src/main.o
                0x08001198                main
 .text.Configure_GPIO
                0x0800158c       0x78 src/main.o
                0x0800158c                Configure_GPIO
 .text.Configure_ADC
                0x08001604       0x74 src/main.o
                0x08001604                Configure_ADC
 .text.Configure_Timer3
                0x08001678       0x4c src/main.o
                0x08001678                Configure_Timer3
 .text._read    0x080016c4       0x3a src/syscalls.o
                0x080016c4                _read
 .text._write   0x080016fe       0x38 src/syscalls.o
                0x080016fe                _write
 *fill*         0x08001736        0x2 
 .text._sbrk    0x08001738       0x58 src/syscalls.o
                0x08001738                _sbrk
 .text._close   0x08001790       0x18 src/syscalls.o
                0x08001790                _close
 .text._fstat   0x080017a8       0x20 src/syscalls.o
                0x080017a8                _fstat
 .text._isatty  0x080017c8       0x16 src/syscalls.o
                0x080017c8                _isatty
 .text._lseek   0x080017de       0x1a src/syscalls.o
                0x080017de                _lseek
 .text.SystemInit
                0x080017f8       0x6c src/system_stm32f4xx.o
                0x080017f8                SystemInit
 .text.SetSysClock
                0x08001864       0xf8 src/system_stm32f4xx.o
 .text.Reset_Handler
                0x0800195c       0x50 startup/startup_stm32.o
                0x0800195c                Reset_Handler
 .text.Default_Handler
                0x080019ac        0x2 startup/startup_stm32.o
                0x080019ac                RTC_Alarm_IRQHandler
                0x080019ac                HASH_RNG_IRQHandler
                0x080019ac                EXTI2_IRQHandler
                0x080019ac                TIM8_CC_IRQHandler
                0x080019ac                DebugMon_Handler
                0x080019ac                TIM1_CC_IRQHandler
                0x080019ac                DMA2_Stream5_IRQHandler
                0x080019ac                HardFault_Handler
                0x080019ac                DMA1_Stream5_IRQHandler
                0x080019ac                SysTick_Handler
                0x080019ac                PVD_IRQHandler
                0x080019ac                SDIO_IRQHandler
                0x080019ac                TAMP_STAMP_IRQHandler
                0x080019ac                PendSV_Handler
                0x080019ac                NMI_Handler
                0x080019ac                CAN2_RX1_IRQHandler
                0x080019ac                EXTI3_IRQHandler
                0x080019ac                TIM8_TRG_COM_TIM14_IRQHandler
                0x080019ac                TIM1_UP_TIM10_IRQHandler
                0x080019ac                TIM8_UP_TIM13_IRQHandler
                0x080019ac                I2C3_ER_IRQHandler
                0x080019ac                LCD_TFT_IRQHandler
                0x080019ac                EXTI0_IRQHandler
                0x080019ac                I2C2_EV_IRQHandler
                0x080019ac                DMA1_Stream2_IRQHandler
                0x080019ac                CAN1_RX0_IRQHandler
                0x080019ac                FPU_IRQHandler
                0x080019ac                OTG_HS_WKUP_IRQHandler
                0x080019ac                UsageFault_Handler
                0x080019ac                CAN2_SCE_IRQHandler
                0x080019ac                DMA2_Stream2_IRQHandler
                0x080019ac                SPI1_IRQHandler
                0x080019ac                TIM6_DAC_IRQHandler
                0x080019ac                TIM1_BRK_TIM9_IRQHandler
                0x080019ac                DCMI_IRQHandler
                0x080019ac                CAN2_RX0_IRQHandler
                0x080019ac                DMA2_Stream3_IRQHandler
                0x080019ac                USART6_IRQHandler
                0x080019ac                USART3_IRQHandler
                0x080019ac                CRYP_IRQHandler
                0x080019ac                CAN1_RX1_IRQHandler
                0x080019ac                UART5_IRQHandler
                0x080019ac                DMA2_Stream0_IRQHandler
                0x080019ac                TIM4_IRQHandler
                0x080019ac                I2C1_EV_IRQHandler
                0x080019ac                DMA1_Stream6_IRQHandler
                0x080019ac                DMA1_Stream1_IRQHandler
                0x080019ac                UART4_IRQHandler
                0x080019ac                LCD_TFT_1_IRQHandler
                0x080019ac                TIM3_IRQHandler
                0x080019ac                RCC_IRQHandler
                0x080019ac                TIM8_BRK_TIM12_IRQHandler
                0x080019ac                Default_Handler
                0x080019ac                EXTI15_10_IRQHandler
                0x080019ac                ADC_IRQHandler
                0x080019ac                DMA1_Stream7_IRQHandler
                0x080019ac                TIM7_IRQHandler
                0x080019ac                CAN2_TX_IRQHandler
                0x080019ac                TIM5_IRQHandler
                0x080019ac                DMA2_Stream7_IRQHandler
                0x080019ac                I2C3_EV_IRQHandler
                0x080019ac                EXTI9_5_IRQHandler
                0x080019ac                RTC_WKUP_IRQHandler
                0x080019ac                ETH_WKUP_IRQHandler
                0x080019ac                SPI2_IRQHandler
                0x080019ac                OTG_HS_EP1_IN_IRQHandler
                0x080019ac                MemManage_Handler
                0x080019ac                DMA1_Stream0_IRQHandler
                0x080019ac                CAN1_TX_IRQHandler
                0x080019ac                SVC_Handler
                0x080019ac                EXTI4_IRQHandler
                0x080019ac                FSMC_IRQHandler
                0x080019ac                ETH_IRQHandler
                0x080019ac                OTG_HS_EP1_OUT_IRQHandler
                0x080019ac                WWDG_IRQHandler
                0x080019ac                TIM2_IRQHandler
                0x080019ac                OTG_FS_WKUP_IRQHandler
                0x080019ac                TIM1_TRG_COM_TIM11_IRQHandler
                0x080019ac                OTG_HS_IRQHandler
                0x080019ac                EXTI1_IRQHandler
                0x080019ac                USART2_IRQHandler
                0x080019ac                I2C2_ER_IRQHandler
                0x080019ac                DMA2_Stream1_IRQHandler
                0x080019ac                CAN1_SCE_IRQHandler
                0x080019ac                DMA2_Stream4_IRQHandler
                0x080019ac                BusFault_Handler
                0x080019ac                OTG_FS_IRQHandler
                0x080019ac                SPI3_IRQHandler
                0x080019ac                DMA1_Stream4_IRQHandler
                0x080019ac                I2C1_ER_IRQHandler
                0x080019ac                DMA2_Stream6_IRQHandler
                0x080019ac                DMA1_Stream3_IRQHandler
 *fill*         0x080019ae        0x2 
 .text.arm_rfft_fast_init_f32
                0x080019b0      0x108 C:\Users\user\workspace\projetoMicro\Lib\libarm_cortexM4lf_math.a(arm_rfft_fast_init_f32.o)
                0x080019b0                arm_rfft_fast_init_f32
 .text.arm_rfft_fast_f32
                0x08001ab8      0x188 C:\Users\user\workspace\projetoMicro\Lib\libarm_cortexM4lf_math.a(arm_rfft_fast_f32.o)
                0x08001ab8                arm_rfft_fast_f32
 .text.arm_cfft_radix8by2_f32
                0x08001c40      0x1a4 C:\Users\user\workspace\projetoMicro\Lib\libarm_cortexM4lf_math.a(arm_cfft_f32.o)
                0x08001c40                arm_cfft_radix8by2_f32
 .text.arm_cfft_radix8by4_f32
                0x08001de4      0x4bc C:\Users\user\workspace\projetoMicro\Lib\libarm_cortexM4lf_math.a(arm_cfft_f32.o)
                0x08001de4                arm_cfft_radix8by4_f32
 .text.arm_cfft_f32
                0x080022a0       0xf4 C:\Users\user\workspace\projetoMicro\Lib\libarm_cortexM4lf_math.a(arm_cfft_f32.o)
                0x080022a0                arm_cfft_f32
 .text.arm_radix8_butterfly_f32
                0x08002394      0x5c4 C:\Users\user\workspace\projetoMicro\Lib\libarm_cortexM4lf_math.a(arm_cfft_radix8_f32.o)
                0x08002394                arm_radix8_butterfly_f32
 .text.sqrt     0x08002958       0xb8 c:/ac6/systemworkbench/plugins/fr.ac6.mcu.externaltools.arm-none.win32_1.17.0.201812190825/tools/compiler/bin/../lib/gcc/arm-none-eabi/7.3.1/../../../../arm-none-eabi/lib/thumb/v7e-m/fpv4-sp/hard\libm.a(lib_a-w_sqrt.o)
                0x08002958                sqrt
 .text.__ieee754_sqrt
                0x08002a10      0x194 c:/ac6/systemworkbench/plugins/fr.ac6.mcu.externaltools.arm-none.win32_1.17.0.201812190825/tools/compiler/bin/../lib/gcc/arm-none-eabi/7.3.1/../../../../arm-none-eabi/lib/thumb/v7e-m/fpv4-sp/hard\libm.a(lib_a-e_sqrt.o)
                0x08002a10                __ieee754_sqrt
 .text.matherr  0x08002ba4        0x4 c:/ac6/systemworkbench/plugins/fr.ac6.mcu.externaltools.arm-none.win32_1.17.0.201812190825/tools/compiler/bin/../lib/gcc/arm-none-eabi/7.3.1/../../../../arm-none-eabi/lib/thumb/v7e-m/fpv4-sp/hard\libm.a(lib_a-s_matherr.o)
                0x08002ba4                matherr
 .text.__errno  0x08002ba8        0xc c:/ac6/systemworkbench/plugins/fr.ac6.mcu.externaltools.arm-none.win32_1.17.0.201812190825/tools/compiler/bin/../lib/gcc/arm-none-eabi/7.3.1/../../../../arm-none-eabi/lib/thumb/v7e-m/fpv4-sp/hard\libc.a(lib_a-errno.o)
                0x08002ba8                __errno
 .text.__libc_init_array
                0x08002bb4       0x48 c:/ac6/systemworkbench/plugins/fr.ac6.mcu.externaltools.arm-none.win32_1.17.0.201812190825/tools/compiler/bin/../lib/gcc/arm-none-eabi/7.3.1/../../../../arm-none-eabi/lib/thumb/v7e-m/fpv4-sp/hard\libc.a(lib_a-init.o)
                0x08002bb4                __libc_init_array
 .text.memset   0x08002bfc       0x94 c:/ac6/systemworkbench/plugins/fr.ac6.mcu.externaltools.arm-none.win32_1.17.0.201812190825/tools/compiler/bin/../lib/gcc/arm-none-eabi/7.3.1/../../../../arm-none-eabi/lib/thumb/v7e-m/fpv4-sp/hard\libc.a(lib_a-memset.o)
                0x08002bfc                memset
 .text._puts_r  0x08002c90       0x9c c:/ac6/systemworkbench/plugins/fr.ac6.mcu.externaltools.arm-none.win32_1.17.0.201812190825/tools/compiler/bin/../lib/gcc/arm-none-eabi/7.3.1/../../../../arm-none-eabi/lib/thumb/v7e-m/fpv4-sp/hard\libc.a(lib_a-puts.o)
                0x08002c90                _puts_r
 .text.puts     0x08002d2c       0x10 c:/ac6/systemworkbench/plugins/fr.ac6.mcu.externaltools.arm-none.win32_1.17.0.201812190825/tools/compiler/bin/../lib/gcc/arm-none-eabi/7.3.1/../../../../arm-none-eabi/lib/thumb/v7e-m/fpv4-sp/hard\libc.a(lib_a-puts.o)
                0x08002d2c                puts
 .text.startup.register_fini
                0x08002d3c       0x14 c:/ac6/systemworkbench/plugins/fr.ac6.mcu.externaltools.arm-none.win32_1.17.0.201812190825/tools/compiler/bin/../lib/gcc/arm-none-eabi/7.3.1/../../../../arm-none-eabi/lib/thumb/v7e-m/fpv4-sp/hard\libc.a(lib_a-__call_atexit.o)
 .text.atexit   0x08002d50        0xc c:/ac6/systemworkbench/plugins/fr.ac6.mcu.externaltools.arm-none.win32_1.17.0.201812190825/tools/compiler/bin/../lib/gcc/arm-none-eabi/7.3.1/../../../../arm-none-eabi/lib/thumb/v7e-m/fpv4-sp/hard\libc.a(lib_a-atexit.o)
                0x08002d50                atexit
 .text.std      0x08002d5c       0x50 c:/ac6/systemworkbench/plugins/fr.ac6.mcu.externaltools.arm-none.win32_1.17.0.201812190825/tools/compiler/bin/../lib/gcc/arm-none-eabi/7.3.1/../../../../arm-none-eabi/lib/thumb/v7e-m/fpv4-sp/hard\libc.a(lib_a-findfp.o)
 .text._cleanup_r
                0x08002dac        0xc c:/ac6/systemworkbench/plugins/fr.ac6.mcu.externaltools.arm-none.win32_1.17.0.201812190825/tools/compiler/bin/../lib/gcc/arm-none-eabi/7.3.1/../../../../arm-none-eabi/lib/thumb/v7e-m/fpv4-sp/hard\libc.a(lib_a-findfp.o)
                0x08002dac                _cleanup_r
 .text.__sinit  0x08002db8       0x58 c:/ac6/systemworkbench/plugins/fr.ac6.mcu.externaltools.arm-none.win32_1.17.0.201812190825/tools/compiler/bin/../lib/gcc/arm-none-eabi/7.3.1/../../../../arm-none-eabi/lib/thumb/v7e-m/fpv4-sp/hard\libc.a(lib_a-findfp.o)
                0x08002db8                __sinit
 .text.__sfp_lock_acquire
                0x08002e10        0xc c:/ac6/systemworkbench/plugins/fr.ac6.mcu.externaltools.arm-none.win32_1.17.0.201812190825/tools/compiler/bin/../lib/gcc/arm-none-eabi/7.3.1/../../../../arm-none-eabi/lib/thumb/v7e-m/fpv4-sp/hard\libc.a(lib_a-findfp.o)
                0x08002e10                __sfp_lock_acquire
 .text.__sfp_lock_release
                0x08002e1c        0xc c:/ac6/systemworkbench/plugins/fr.ac6.mcu.externaltools.arm-none.win32_1.17.0.201812190825/tools/compiler/bin/../lib/gcc/arm-none-eabi/7.3.1/../../../../arm-none-eabi/lib/thumb/v7e-m/fpv4-sp/hard\libc.a(lib_a-findfp.o)
                0x08002e1c                __sfp_lock_release
 .text.__libc_fini_array
                0x08002e28       0x34 c:/ac6/systemworkbench/plugins/fr.ac6.mcu.externaltools.arm-none.win32_1.17.0.201812190825/tools/compiler/bin/../lib/gcc/arm-none-eabi/7.3.1/../../../../arm-none-eabi/lib/thumb/v7e-m/fpv4-sp/hard\libc.a(lib_a-fini.o)
                0x08002e28                __libc_fini_array
 .text.__sfvwrite_r
                0x08002e5c      0x2fc c:/ac6/systemworkbench/plugins/fr.ac6.mcu.externaltools.arm-none.win32_1.17.0.201812190825/tools/compiler/bin/../lib/gcc/arm-none-eabi/7.3.1/../../../../arm-none-eabi/lib/thumb/v7e-m/fpv4-sp/hard\libc.a(lib_a-fvwrite.o)
                0x08002e5c                __sfvwrite_r
 .text._fwalk_reent
                0x08003158       0x54 c:/ac6/systemworkbench/plugins/fr.ac6.mcu.externaltools.arm-none.win32_1.17.0.201812190825/tools/compiler/bin/../lib/gcc/arm-none-eabi/7.3.1/../../../../arm-none-eabi/lib/thumb/v7e-m/fpv4-sp/hard\libc.a(lib_a-fwalk.o)
                0x08003158                _fwalk_reent
 .text.__retarget_lock_init_recursive
                0x080031ac        0x4 c:/ac6/systemworkbench/plugins/fr.ac6.mcu.externaltools.arm-none.win32_1.17.0.201812190825/tools/compiler/bin/../lib/gcc/arm-none-eabi/7.3.1/../../../../arm-none-eabi/lib/thumb/v7e-m/fpv4-sp/hard\libc.a(lib_a-lock.o)
                0x080031ac                __retarget_lock_init_recursive
 .text.__retarget_lock_close_recursive
                0x080031b0        0x4 c:/ac6/systemworkbench/plugins/fr.ac6.mcu.externaltools.arm-none.win32_1.17.0.201812190825/tools/compiler/bin/../lib/gcc/arm-none-eabi/7.3.1/../../../../arm-none-eabi/lib/thumb/v7e-m/fpv4-sp/hard\libc.a(lib_a-lock.o)
                0x080031b0                __retarget_lock_close_recursive
 .text.__retarget_lock_acquire_recursive
                0x080031b4        0x4 c:/ac6/systemworkbench/plugins/fr.ac6.mcu.externaltools.arm-none.win32_1.17.0.201812190825/tools/compiler/bin/../lib/gcc/arm-none-eabi/7.3.1/../../../../arm-none-eabi/lib/thumb/v7e-m/fpv4-sp/hard\libc.a(lib_a-lock.o)
                0x080031b4                __retarget_lock_acquire_recursive
 .text.__retarget_lock_release_recursive
                0x080031b8        0x4 c:/ac6/systemworkbench/plugins/fr.ac6.mcu.externaltools.arm-none.win32_1.17.0.201812190825/tools/compiler/bin/../lib/gcc/arm-none-eabi/7.3.1/../../../../arm-none-eabi/lib/thumb/v7e-m/fpv4-sp/hard\libc.a(lib_a-lock.o)
                0x080031b8                __retarget_lock_release_recursive
 .text._malloc_r
                0x080031bc      0x548 c:/ac6/systemworkbench/plugins/fr.ac6.mcu.externaltools.arm-none.win32_1.17.0.201812190825/tools/compiler/bin/../lib/gcc/arm-none-eabi/7.3.1/../../../../arm-none-eabi/lib/thumb/v7e-m/fpv4-sp/hard\libc.a(lib_a-mallocr.o)
                0x080031bc                _malloc_r
 .text.memmove  0x08003704       0xc8 c:/ac6/systemworkbench/plugins/fr.ac6.mcu.externaltools.arm-none.win32_1.17.0.201812190825/tools/compiler/bin/../lib/gcc/arm-none-eabi/7.3.1/../../../../arm-none-eabi/lib/thumb/v7e-m/fpv4-sp/hard\libc.a(lib_a-memmove.o)
                0x08003704                memmove
 .text.__malloc_lock
                0x080037cc        0xc c:/ac6/systemworkbench/plugins/fr.ac6.mcu.externaltools.arm-none.win32_1.17.0.201812190825/tools/compiler/bin/../lib/gcc/arm-none-eabi/7.3.1/../../../../arm-none-eabi/lib/thumb/v7e-m/fpv4-sp/hard\libc.a(lib_a-mlock.o)
                0x080037cc                __malloc_lock
 .text.__malloc_unlock
                0x080037d8        0xc c:/ac6/systemworkbench/plugins/fr.ac6.mcu.externaltools.arm-none.win32_1.17.0.201812190825/tools/compiler/bin/../lib/gcc/arm-none-eabi/7.3.1/../../../../arm-none-eabi/lib/thumb/v7e-m/fpv4-sp/hard\libc.a(lib_a-mlock.o)
                0x080037d8                __malloc_unlock
 .text._realloc_r
                0x080037e4      0x35c c:/ac6/systemworkbench/plugins/fr.ac6.mcu.externaltools.arm-none.win32_1.17.0.201812190825/tools/compiler/bin/../lib/gcc/arm-none-eabi/7.3.1/../../../../arm-none-eabi/lib/thumb/v7e-m/fpv4-sp/hard\libc.a(lib_a-reallocr.o)
                0x080037e4                _realloc_r
 .text._sbrk_r  0x08003b40       0x24 c:/ac6/systemworkbench/plugins/fr.ac6.mcu.externaltools.arm-none.win32_1.17.0.201812190825/tools/compiler/bin/../lib/gcc/arm-none-eabi/7.3.1/../../../../arm-none-eabi/lib/thumb/v7e-m/fpv4-sp/hard\libc.a(lib_a-sbrkr.o)
                0x08003b40                _sbrk_r
 .text.__sread  0x08003b64       0x24 c:/ac6/systemworkbench/plugins/fr.ac6.mcu.externaltools.arm-none.win32_1.17.0.201812190825/tools/compiler/bin/../lib/gcc/arm-none-eabi/7.3.1/../../../../arm-none-eabi/lib/thumb/v7e-m/fpv4-sp/hard\libc.a(lib_a-stdio.o)
                0x08003b64                __sread
 .text.__swrite
                0x08003b88       0x3c c:/ac6/systemworkbench/plugins/fr.ac6.mcu.externaltools.arm-none.win32_1.17.0.201812190825/tools/compiler/bin/../lib/gcc/arm-none-eabi/7.3.1/../../../../arm-none-eabi/lib/thumb/v7e-m/fpv4-sp/hard\libc.a(lib_a-stdio.o)
                0x08003b88                __swrite
 .text.__sseek  0x08003bc4       0x20 c:/ac6/systemworkbench/plugins/fr.ac6.mcu.externaltools.arm-none.win32_1.17.0.201812190825/tools/compiler/bin/../lib/gcc/arm-none-eabi/7.3.1/../../../../arm-none-eabi/lib/thumb/v7e-m/fpv4-sp/hard\libc.a(lib_a-stdio.o)
                0x08003bc4                __sseek
 .text.__sclose
                0x08003be4        0x8 c:/ac6/systemworkbench/plugins/fr.ac6.mcu.externaltools.arm-none.win32_1.17.0.201812190825/tools/compiler/bin/../lib/gcc/arm-none-eabi/7.3.1/../../../../arm-none-eabi/lib/thumb/v7e-m/fpv4-sp/hard\libc.a(lib_a-stdio.o)
                0x08003be4                __sclose
 .text._write_r
                0x08003bec       0x2c c:/ac6/systemworkbench/plugins/fr.ac6.mcu.externaltools.arm-none.win32_1.17.0.201812190825/tools/compiler/bin/../lib/gcc/arm-none-eabi/7.3.1/../../../../arm-none-eabi/lib/thumb/v7e-m/fpv4-sp/hard\libc.a(lib_a-writer.o)
                0x08003bec                _write_r
 .text.__swsetup_r
                0x08003c18       0xcc c:/ac6/systemworkbench/plugins/fr.ac6.mcu.externaltools.arm-none.win32_1.17.0.201812190825/tools/compiler/bin/../lib/gcc/arm-none-eabi/7.3.1/../../../../arm-none-eabi/lib/thumb/v7e-m/fpv4-sp/hard\libc.a(lib_a-wsetup.o)
                0x08003c18                __swsetup_r
 .text.__register_exitproc
                0x08003ce4       0xc0 c:/ac6/systemworkbench/plugins/fr.ac6.mcu.externaltools.arm-none.win32_1.17.0.201812190825/tools/compiler/bin/../lib/gcc/arm-none-eabi/7.3.1/../../../../arm-none-eabi/lib/thumb/v7e-m/fpv4-sp/hard\libc.a(lib_a-__atexit.o)
                0x08003ce4                __register_exitproc
 .text._close_r
                0x08003da4       0x24 c:/ac6/systemworkbench/plugins/fr.ac6.mcu.externaltools.arm-none.win32_1.17.0.201812190825/tools/compiler/bin/../lib/gcc/arm-none-eabi/7.3.1/../../../../arm-none-eabi/lib/thumb/v7e-m/fpv4-sp/hard\libc.a(lib_a-closer.o)
                0x08003da4                _close_r
 .text._fclose_r
                0x08003dc8       0xd0 c:/ac6/systemworkbench/plugins/fr.ac6.mcu.externaltools.arm-none.win32_1.17.0.201812190825/tools/compiler/bin/../lib/gcc/arm-none-eabi/7.3.1/../../../../arm-none-eabi/lib/thumb/v7e-m/fpv4-sp/hard\libc.a(lib_a-fclose.o)
                0x08003dc8                _fclose_r
 .text.__sflush_r
                0x08003e98      0x154 c:/ac6/systemworkbench/plugins/fr.ac6.mcu.externaltools.arm-none.win32_1.17.0.201812190825/tools/compiler/bin/../lib/gcc/arm-none-eabi/7.3.1/../../../../arm-none-eabi/lib/thumb/v7e-m/fpv4-sp/hard\libc.a(lib_a-fflush.o)
                0x08003e98                __sflush_r
 .text._fflush_r
                0x08003fec       0x5c c:/ac6/systemworkbench/plugins/fr.ac6.mcu.externaltools.arm-none.win32_1.17.0.201812190825/tools/compiler/bin/../lib/gcc/arm-none-eabi/7.3.1/../../../../arm-none-eabi/lib/thumb/v7e-m/fpv4-sp/hard\libc.a(lib_a-fflush.o)
                0x08003fec                _fflush_r
 .text._malloc_trim_r
                0x08004048       0xa0 c:/ac6/systemworkbench/plugins/fr.ac6.mcu.externaltools.arm-none.win32_1.17.0.201812190825/tools/compiler/bin/../lib/gcc/arm-none-eabi/7.3.1/../../../../arm-none-eabi/lib/thumb/v7e-m/fpv4-sp/hard\libc.a(lib_a-freer.o)
                0x08004048                _malloc_trim_r
 .text._free_r  0x080040e8      0x1e8 c:/ac6/systemworkbench/plugins/fr.ac6.mcu.externaltools.arm-none.win32_1.17.0.201812190825/tools/compiler/bin/../lib/gcc/arm-none-eabi/7.3.1/../../../../arm-none-eabi/lib/thumb/v7e-m/fpv4-sp/hard\libc.a(lib_a-freer.o)
                0x080040e8                _free_r
 .text._lseek_r
                0x080042d0       0x2c c:/ac6/systemworkbench/plugins/fr.ac6.mcu.externaltools.arm-none.win32_1.17.0.201812190825/tools/compiler/bin/../lib/gcc/arm-none-eabi/7.3.1/../../../../arm-none-eabi/lib/thumb/v7e-m/fpv4-sp/hard\libc.a(lib_a-lseekr.o)
                0x080042d0                _lseek_r
 .text.__swhatbuf_r
                0x080042fc       0x5c c:/ac6/systemworkbench/plugins/fr.ac6.mcu.externaltools.arm-none.win32_1.17.0.201812190825/tools/compiler/bin/../lib/gcc/arm-none-eabi/7.3.1/../../../../arm-none-eabi/lib/thumb/v7e-m/fpv4-sp/hard\libc.a(lib_a-makebuf.o)
                0x080042fc                __swhatbuf_r
 .text.__smakebuf_r
                0x08004358       0x94 c:/ac6/systemworkbench/plugins/fr.ac6.mcu.externaltools.arm-none.win32_1.17.0.201812190825/tools/compiler/bin/../lib/gcc/arm-none-eabi/7.3.1/../../../../arm-none-eabi/lib/thumb/v7e-m/fpv4-sp/hard\libc.a(lib_a-makebuf.o)
                0x08004358                __smakebuf_r
 .text._read_r  0x080043ec       0x2c c:/ac6/systemworkbench/plugins/fr.ac6.mcu.externaltools.arm-none.win32_1.17.0.201812190825/tools/compiler/bin/../lib/gcc/arm-none-eabi/7.3.1/../../../../arm-none-eabi/lib/thumb/v7e-m/fpv4-sp/hard\libc.a(lib_a-readr.o)
                0x080043ec                _read_r
 .text._fstat_r
                0x08004418       0x28 c:/ac6/systemworkbench/plugins/fr.ac6.mcu.externaltools.arm-none.win32_1.17.0.201812190825/tools/compiler/bin/../lib/gcc/arm-none-eabi/7.3.1/../../../../arm-none-eabi/lib/thumb/v7e-m/fpv4-sp/hard\libc.a(lib_a-fstatr.o)
                0x08004418                _fstat_r
 .text._isatty_r
                0x08004440       0x24 c:/ac6/systemworkbench/plugins/fr.ac6.mcu.externaltools.arm-none.win32_1.17.0.201812190825/tools/compiler/bin/../lib/gcc/arm-none-eabi/7.3.1/../../../../arm-none-eabi/lib/thumb/v7e-m/fpv4-sp/hard\libc.a(lib_a-isattyr.o)
                0x08004440                _isatty_r
 *(.glue_7)
 .glue_7        0x08004464        0x0 linker stubs
 *(.glue_7t)
 .glue_7t       0x08004464        0x0 linker stubs
 *(.eh_frame)
 .eh_frame      0x08004464        0x0 c:/ac6/systemworkbench/plugins/fr.ac6.mcu.externaltools.arm-none.win32_1.17.0.201812190825/tools/compiler/bin/../lib/gcc/arm-none-eabi/7.3.1/thumb/v7e-m/fpv4-sp/hard/crtbegin.o
 *(.init)
 .init          0x08004464        0x4 c:/ac6/systemworkbench/plugins/fr.ac6.mcu.externaltools.arm-none.win32_1.17.0.201812190825/tools/compiler/bin/../lib/gcc/arm-none-eabi/7.3.1/thumb/v7e-m/fpv4-sp/hard/crti.o
                0x08004464                _init
 .init          0x08004468        0x8 c:/ac6/systemworkbench/plugins/fr.ac6.mcu.externaltools.arm-none.win32_1.17.0.201812190825/tools/compiler/bin/../lib/gcc/arm-none-eabi/7.3.1/thumb/v7e-m/fpv4-sp/hard/crtn.o
 *(.fini)
 .fini          0x08004470        0x4 c:/ac6/systemworkbench/plugins/fr.ac6.mcu.externaltools.arm-none.win32_1.17.0.201812190825/tools/compiler/bin/../lib/gcc/arm-none-eabi/7.3.1/thumb/v7e-m/fpv4-sp/hard/crti.o
                0x08004470                _fini
 .fini          0x08004474        0x8 c:/ac6/systemworkbench/plugins/fr.ac6.mcu.externaltools.arm-none.win32_1.17.0.201812190825/tools/compiler/bin/../lib/gcc/arm-none-eabi/7.3.1/thumb/v7e-m/fpv4-sp/hard/crtn.o
                0x0800447c                . = ALIGN (0x4)
                0x0800447c                _etext = .

.vfp11_veneer   0x0800447c        0x0
 .vfp11_veneer  0x0800447c        0x0 linker stubs

.v4_bx          0x0800447c        0x0
 .v4_bx         0x0800447c        0x0 linker stubs

.iplt           0x0800447c        0x0
 .iplt          0x0800447c        0x0 c:/ac6/systemworkbench/plugins/fr.ac6.mcu.externaltools.arm-none.win32_1.17.0.201812190825/tools/compiler/bin/../lib/gcc/arm-none-eabi/7.3.1/thumb/v7e-m/fpv4-sp/hard/crtbegin.o

.rodata         0x0800447c    0x13510
                0x0800447c                . = ALIGN (0x4)
 *(.rodata)
 .rodata        0x0800447c       0xa5 src/main.o
                0x0800447c                LCD_CfgParam
 *(.rodata*)
 *fill*         0x08004521        0x3 
 .rodata.twiddleCoef_2048
                0x08004524     0x4000 C:\Users\user\workspace\projetoMicro\Lib\libarm_cortexM4lf_math.a(arm_common_tables.o)
                0x08004524                twiddleCoef_2048
 .rodata.twiddleCoef_rfft_64
                0x08008524      0x100 C:\Users\user\workspace\projetoMicro\Lib\libarm_cortexM4lf_math.a(arm_common_tables.o)
                0x08008524                twiddleCoef_rfft_64
 .rodata.armBitRevIndexTable64
                0x08008624       0x70 C:\Users\user\workspace\projetoMicro\Lib\libarm_cortexM4lf_math.a(arm_common_tables.o)
                0x08008624                armBitRevIndexTable64
 .rodata.twiddleCoef_rfft_2048
                0x08008694     0x2000 C:\Users\user\workspace\projetoMicro\Lib\libarm_cortexM4lf_math.a(arm_common_tables.o)
                0x08008694                twiddleCoef_rfft_2048
 .rodata.twiddleCoef_rfft_4096
                0x0800a694     0x4000 C:\Users\user\workspace\projetoMicro\Lib\libarm_cortexM4lf_math.a(arm_common_tables.o)
                0x0800a694                twiddleCoef_rfft_4096
 .rodata.twiddleCoef_256
                0x0800e694      0x800 C:\Users\user\workspace\projetoMicro\Lib\libarm_cortexM4lf_math.a(arm_common_tables.o)
                0x0800e694                twiddleCoef_256
 .rodata.twiddleCoef_16
                0x0800ee94       0x80 C:\Users\user\workspace\projetoMicro\Lib\libarm_cortexM4lf_math.a(arm_common_tables.o)
                0x0800ee94                twiddleCoef_16
 .rodata.twiddleCoef_1024
                0x0800ef14     0x2000 C:\Users\user\workspace\projetoMicro\Lib\libarm_cortexM4lf_math.a(arm_common_tables.o)
                0x0800ef14                twiddleCoef_1024
 .rodata.twiddleCoef_32
                0x08010f14      0x100 C:\Users\user\workspace\projetoMicro\Lib\libarm_cortexM4lf_math.a(arm_common_tables.o)
                0x08010f14                twiddleCoef_32
 .rodata.armBitRevIndexTable1024
                0x08011014      0xe10 C:\Users\user\workspace\projetoMicro\Lib\libarm_cortexM4lf_math.a(arm_common_tables.o)
                0x08011014                armBitRevIndexTable1024
 .rodata.armBitRevIndexTable16
                0x08011e24       0x28 C:\Users\user\workspace\projetoMicro\Lib\libarm_cortexM4lf_math.a(arm_common_tables.o)
                0x08011e24                armBitRevIndexTable16
 .rodata.twiddleCoef_rfft_32
                0x08011e4c       0x80 C:\Users\user\workspace\projetoMicro\Lib\libarm_cortexM4lf_math.a(arm_common_tables.o)
                0x08011e4c                twiddleCoef_rfft_32
 .rodata.armBitRevIndexTable32
                0x08011ecc       0x60 C:\Users\user\workspace\projetoMicro\Lib\libarm_cortexM4lf_math.a(arm_common_tables.o)
                0x08011ecc                armBitRevIndexTable32
 .rodata.twiddleCoef_128
                0x08011f2c      0x400 C:\Users\user\workspace\projetoMicro\Lib\libarm_cortexM4lf_math.a(arm_common_tables.o)
                0x08011f2c                twiddleCoef_128
 .rodata.twiddleCoef_512
                0x0801232c     0x1000 C:\Users\user\workspace\projetoMicro\Lib\libarm_cortexM4lf_math.a(arm_common_tables.o)
                0x0801232c                twiddleCoef_512
 .rodata.armBitRevIndexTable2048
                0x0801332c     0x1dc0 C:\Users\user\workspace\projetoMicro\Lib\libarm_cortexM4lf_math.a(arm_common_tables.o)
                0x0801332c                armBitRevIndexTable2048
 .rodata.twiddleCoef_64
                0x080150ec      0x200 C:\Users\user\workspace\projetoMicro\Lib\libarm_cortexM4lf_math.a(arm_common_tables.o)
                0x080150ec                twiddleCoef_64
 .rodata.twiddleCoef_rfft_512
                0x080152ec      0x800 C:\Users\user\workspace\projetoMicro\Lib\libarm_cortexM4lf_math.a(arm_common_tables.o)
                0x080152ec                twiddleCoef_rfft_512
 .rodata.armBitRevIndexTable512
                0x08015aec      0x380 C:\Users\user\workspace\projetoMicro\Lib\libarm_cortexM4lf_math.a(arm_common_tables.o)
                0x08015aec                armBitRevIndexTable512
 .rodata.twiddleCoef_rfft_1024
                0x08015e6c     0x1000 C:\Users\user\workspace\projetoMicro\Lib\libarm_cortexM4lf_math.a(arm_common_tables.o)
                0x08015e6c                twiddleCoef_rfft_1024
 .rodata.twiddleCoef_rfft_256
                0x08016e6c      0x400 C:\Users\user\workspace\projetoMicro\Lib\libarm_cortexM4lf_math.a(arm_common_tables.o)
                0x08016e6c                twiddleCoef_rfft_256
 .rodata.armBitRevIndexTable256
                0x0801726c      0x370 C:\Users\user\workspace\projetoMicro\Lib\libarm_cortexM4lf_math.a(arm_common_tables.o)
                0x0801726c                armBitRevIndexTable256
 .rodata.twiddleCoef_rfft_128
                0x080175dc      0x200 C:\Users\user\workspace\projetoMicro\Lib\libarm_cortexM4lf_math.a(arm_common_tables.o)
                0x080175dc                twiddleCoef_rfft_128
 .rodata.armBitRevIndexTable128
                0x080177dc      0x1a0 C:\Users\user\workspace\projetoMicro\Lib\libarm_cortexM4lf_math.a(arm_common_tables.o)
                0x080177dc                armBitRevIndexTable128
 .rodata.sqrt.str1.4
                0x0801797c        0x5 c:/ac6/systemworkbench/plugins/fr.ac6.mcu.externaltools.arm-none.win32_1.17.0.201812190825/tools/compiler/bin/../lib/gcc/arm-none-eabi/7.3.1/../../../../arm-none-eabi/lib/thumb/v7e-m/fpv4-sp/hard\libm.a(lib_a-w_sqrt.o)
 *fill*         0x08017981        0x3 
 .rodata._global_impure_ptr
                0x08017984        0x4 c:/ac6/systemworkbench/plugins/fr.ac6.mcu.externaltools.arm-none.win32_1.17.0.201812190825/tools/compiler/bin/../lib/gcc/arm-none-eabi/7.3.1/../../../../arm-none-eabi/lib/thumb/v7e-m/fpv4-sp/hard\libc.a(lib_a-impure.o)
                0x08017984                _global_impure_ptr
 .rodata._puts_r.str1.4
                0x08017988        0x4 c:/ac6/systemworkbench/plugins/fr.ac6.mcu.externaltools.arm-none.win32_1.17.0.201812190825/tools/compiler/bin/../lib/gcc/arm-none-eabi/7.3.1/../../../../arm-none-eabi/lib/thumb/v7e-m/fpv4-sp/hard\libc.a(lib_a-puts.o)
                                  0x2 (size before relaxing)
                0x0801798c                . = ALIGN (0x4)

.rel.dyn        0x0801798c        0x0
 .rel.iplt      0x0801798c        0x0 c:/ac6/systemworkbench/plugins/fr.ac6.mcu.externaltools.arm-none.win32_1.17.0.201812190825/tools/compiler/bin/../lib/gcc/arm-none-eabi/7.3.1/thumb/v7e-m/fpv4-sp/hard/crtbegin.o

.ARM.extab      0x0801798c        0x0
                0x0801798c                . = ALIGN (0x4)
 *(.ARM.extab* .gnu.linkonce.armextab.*)
                0x0801798c                . = ALIGN (0x4)

.ARM            0x0801798c        0x0
                0x0801798c                . = ALIGN (0x4)
                0x0801798c                __exidx_start = .
 *(.ARM.exidx*)
                0x0801798c                __exidx_end = .
                0x0801798c                . = ALIGN (0x4)

.preinit_array  0x0801798c        0x0
                0x0801798c                . = ALIGN (0x4)
                0x0801798c                PROVIDE (__preinit_array_start = .)
 *(.preinit_array*)
                0x0801798c                PROVIDE (__preinit_array_end = .)
                0x0801798c                . = ALIGN (0x4)

.init_array     0x0801798c        0x8
                0x0801798c                . = ALIGN (0x4)
                0x0801798c                PROVIDE (__init_array_start = .)
 *(SORT_BY_NAME(.init_array.*))
 .init_array.00000
                0x0801798c        0x4 c:/ac6/systemworkbench/plugins/fr.ac6.mcu.externaltools.arm-none.win32_1.17.0.201812190825/tools/compiler/bin/../lib/gcc/arm-none-eabi/7.3.1/../../../../arm-none-eabi/lib/thumb/v7e-m/fpv4-sp/hard\libc.a(lib_a-__call_atexit.o)
 *(.init_array*)
 .init_array    0x08017990        0x4 c:/ac6/systemworkbench/plugins/fr.ac6.mcu.externaltools.arm-none.win32_1.17.0.201812190825/tools/compiler/bin/../lib/gcc/arm-none-eabi/7.3.1/thumb/v7e-m/fpv4-sp/hard/crtbegin.o
                0x08017994                PROVIDE (__init_array_end = .)
                0x08017994                . = ALIGN (0x4)

.fini_array     0x08017994        0x4
                0x08017994                . = ALIGN (0x4)
                0x08017994                PROVIDE (__fini_array_start = .)
 *(SORT_BY_NAME(.fini_array.*))
 *(.fini_array*)
 .fini_array    0x08017994        0x4 c:/ac6/systemworkbench/plugins/fr.ac6.mcu.externaltools.arm-none.win32_1.17.0.201812190825/tools/compiler/bin/../lib/gcc/arm-none-eabi/7.3.1/thumb/v7e-m/fpv4-sp/hard/crtbegin.o
                0x08017998                PROVIDE (__fini_array_end = .)
                0x08017998                . = ALIGN (0x4)
                0x08017998                _sidata = LOADADDR (.data)

.data           0x20000000      0x844 load address 0x08017998
                0x20000000                . = ALIGN (0x4)
                0x20000000                _sdata = .
 *(.data)
 *(.data*)
 .data.__fdlib_version
                0x20000000        0x1 c:/ac6/systemworkbench/plugins/fr.ac6.mcu.externaltools.arm-none.win32_1.17.0.201812190825/tools/compiler/bin/../lib/gcc/arm-none-eabi/7.3.1/../../../../arm-none-eabi/lib/thumb/v7e-m/fpv4-sp/hard\libm.a(lib_a-s_lib_ver.o)
                0x20000000                __fdlib_version
 *fill*         0x20000001        0x3 
 .data._impure_ptr
                0x20000004        0x4 c:/ac6/systemworkbench/plugins/fr.ac6.mcu.externaltools.arm-none.win32_1.17.0.201812190825/tools/compiler/bin/../lib/gcc/arm-none-eabi/7.3.1/../../../../arm-none-eabi/lib/thumb/v7e-m/fpv4-sp/hard\libc.a(lib_a-impure.o)
                0x20000004                _impure_ptr
 .data.impure_data
                0x20000008      0x428 c:/ac6/systemworkbench/plugins/fr.ac6.mcu.externaltools.arm-none.win32_1.17.0.201812190825/tools/compiler/bin/../lib/gcc/arm-none-eabi/7.3.1/../../../../arm-none-eabi/lib/thumb/v7e-m/fpv4-sp/hard\libc.a(lib_a-impure.o)
 .data.__atexit_recursive_mutex
                0x20000430        0x4 c:/ac6/systemworkbench/plugins/fr.ac6.mcu.externaltools.arm-none.win32_1.17.0.201812190825/tools/compiler/bin/../lib/gcc/arm-none-eabi/7.3.1/../../../../arm-none-eabi/lib/thumb/v7e-m/fpv4-sp/hard\libc.a(lib_a-__call_atexit.o)
                0x20000430                __atexit_recursive_mutex
 .data.__malloc_av_
                0x20000434      0x408 c:/ac6/systemworkbench/plugins/fr.ac6.mcu.externaltools.arm-none.win32_1.17.0.201812190825/tools/compiler/bin/../lib/gcc/arm-none-eabi/7.3.1/../../../../arm-none-eabi/lib/thumb/v7e-m/fpv4-sp/hard\libc.a(lib_a-mallocr.o)
                0x20000434                __malloc_av_
 .data.__malloc_sbrk_base
                0x2000083c        0x4 c:/ac6/systemworkbench/plugins/fr.ac6.mcu.externaltools.arm-none.win32_1.17.0.201812190825/tools/compiler/bin/../lib/gcc/arm-none-eabi/7.3.1/../../../../arm-none-eabi/lib/thumb/v7e-m/fpv4-sp/hard\libc.a(lib_a-mallocr.o)
                0x2000083c                __malloc_sbrk_base
 .data.__malloc_trim_threshold
                0x20000840        0x4 c:/ac6/systemworkbench/plugins/fr.ac6.mcu.externaltools.arm-none.win32_1.17.0.201812190825/tools/compiler/bin/../lib/gcc/arm-none-eabi/7.3.1/../../../../arm-none-eabi/lib/thumb/v7e-m/fpv4-sp/hard\libc.a(lib_a-mallocr.o)
                0x20000840                __malloc_trim_threshold
                0x20000844                . = ALIGN (0x4)
                0x20000844                _edata = .

.igot.plt       0x20000844        0x0 load address 0x080181dc
 .igot.plt      0x20000844        0x0 c:/ac6/systemworkbench/plugins/fr.ac6.mcu.externaltools.arm-none.win32_1.17.0.201812190825/tools/compiler/bin/../lib/gcc/arm-none-eabi/7.3.1/thumb/v7e-m/fpv4-sp/hard/crtbegin.o
                0x20000844                . = ALIGN (0x4)

.bss            0x20000844     0x5098 load address 0x080181dc
                0x20000844                _sbss = .
                0x20000844                __bss_start__ = _sbss
 *(.bss)
 .bss           0x20000844       0x1c c:/ac6/systemworkbench/plugins/fr.ac6.mcu.externaltools.arm-none.win32_1.17.0.201812190825/tools/compiler/bin/../lib/gcc/arm-none-eabi/7.3.1/thumb/v7e-m/fpv4-sp/hard/crtbegin.o
 .bss           0x20000860        0x8 src/syscalls.o
                0x20000860                __env
 *(.bss*)
 .bss.__malloc_current_mallinfo
                0x20000868       0x28 c:/ac6/systemworkbench/plugins/fr.ac6.mcu.externaltools.arm-none.win32_1.17.0.201812190825/tools/compiler/bin/../lib/gcc/arm-none-eabi/7.3.1/../../../../arm-none-eabi/lib/thumb/v7e-m/fpv4-sp/hard\libc.a(lib_a-mallocr.o)
                0x20000868                __malloc_current_mallinfo
 .bss.__malloc_max_sbrked_mem
                0x20000890        0x4 c:/ac6/systemworkbench/plugins/fr.ac6.mcu.externaltools.arm-none.win32_1.17.0.201812190825/tools/compiler/bin/../lib/gcc/arm-none-eabi/7.3.1/../../../../arm-none-eabi/lib/thumb/v7e-m/fpv4-sp/hard\libc.a(lib_a-mallocr.o)
                0x20000890                __malloc_max_sbrked_mem
 .bss.__malloc_max_total_mem
                0x20000894        0x4 c:/ac6/systemworkbench/plugins/fr.ac6.mcu.externaltools.arm-none.win32_1.17.0.201812190825/tools/compiler/bin/../lib/gcc/arm-none-eabi/7.3.1/../../../../arm-none-eabi/lib/thumb/v7e-m/fpv4-sp/hard\libc.a(lib_a-mallocr.o)
                0x20000894                __malloc_max_total_mem
 .bss.__malloc_top_pad
                0x20000898        0x4 c:/ac6/systemworkbench/plugins/fr.ac6.mcu.externaltools.arm-none.win32_1.17.0.201812190825/tools/compiler/bin/../lib/gcc/arm-none-eabi/7.3.1/../../../../arm-none-eabi/lib/thumb/v7e-m/fpv4-sp/hard\libc.a(lib_a-mallocr.o)
                0x20000898                __malloc_top_pad
 *(COMMON)
 COMMON         0x2000089c     0x5018 src/main.o
                0x2000089c                fftHandler
                0x200008b4                fftBufMag
                0x200018b4                fftBufIn
                0x200038b4                fftBufOut
 COMMON         0x200058b4       0x21 c:/ac6/systemworkbench/plugins/fr.ac6.mcu.externaltools.arm-none.win32_1.17.0.201812190825/tools/compiler/bin/../lib/gcc/arm-none-eabi/7.3.1/../../../../arm-none-eabi/lib/thumb/v7e-m/fpv4-sp/hard\libc.a(lib_a-lock.o)
                0x200058b4                __lock___atexit_recursive_mutex
                0x200058b8                __lock___arc4random_mutex
                0x200058bc                __lock___env_recursive_mutex
                0x200058c0                __lock___sinit_recursive_mutex
                0x200058c4                __lock___malloc_recursive_mutex
                0x200058c8                __lock___at_quick_exit_mutex
                0x200058cc                __lock___dd_hash_mutex
                0x200058d0                __lock___tz_mutex
                0x200058d4                __lock___sfp_recursive_mutex
 *fill*         0x200058d5        0x3 
 COMMON         0x200058d8        0x4 c:/ac6/systemworkbench/plugins/fr.ac6.mcu.externaltools.arm-none.win32_1.17.0.201812190825/tools/compiler/bin/../lib/gcc/arm-none-eabi/7.3.1/../../../../arm-none-eabi/lib/thumb/v7e-m/fpv4-sp/hard\libc.a(lib_a-reent.o)
                0x200058d8                errno
                0x200058dc                . = ALIGN (0x4)
                0x200058dc                _ebss = .
                0x200058dc                __bss_end__ = _ebss

._user_heap_stack
                0x200058dc      0x404 load address 0x080181dc
                0x200058e0                . = ALIGN (0x8)
 *fill*         0x200058dc        0x4 
                0x200058e0                PROVIDE (end = .)
                [!provide]                PROVIDE (_end = .)
                0x200058e0                . = (. + _Min_Heap_Size)
                0x20005ce0                . = (. + _Min_Stack_Size)
 *fill*         0x200058e0      0x400 
                0x20005ce0                . = ALIGN (0x8)

/DISCARD/
 libc.a(*)
 libm.a(*)
 libgcc.a(*)

.ARM.attributes
                0x00000000       0x30
 *(.ARM.attributes)
 .ARM.attributes
                0x00000000       0x22 c:/ac6/systemworkbench/plugins/fr.ac6.mcu.externaltools.arm-none.win32_1.17.0.201812190825/tools/compiler/bin/../lib/gcc/arm-none-eabi/7.3.1/thumb/v7e-m/fpv4-sp/hard/crti.o
 .ARM.attributes
                0x00000022       0x34 c:/ac6/systemworkbench/plugins/fr.ac6.mcu.externaltools.arm-none.win32_1.17.0.201812190825/tools/compiler/bin/../lib/gcc/arm-none-eabi/7.3.1/thumb/v7e-m/fpv4-sp/hard/crtbegin.o
 .ARM.attributes
                0x00000056       0x39 src/main.o
 .ARM.attributes
                0x0000008f       0x39 src/syscalls.o
 .ARM.attributes
                0x000000c8       0x39 src/system_stm32f4xx.o
 .ARM.attributes
                0x00000101       0x21 startup/startup_stm32.o
 .ARM.attributes
                0x00000122       0x39 C:\Users\user\workspace\projetoMicro\Lib\libarm_cortexM4lf_math.a(arm_rfft_fast_init_f32.o)
 .ARM.attributes
                0x0000015b       0x39 C:\Users\user\workspace\projetoMicro\Lib\libarm_cortexM4lf_math.a(arm_rfft_fast_f32.o)
 .ARM.attributes
                0x00000194       0x39 C:\Users\user\workspace\projetoMicro\Lib\libarm_cortexM4lf_math.a(arm_cfft_f32.o)
 .ARM.attributes
                0x000001cd       0x39 C:\Users\user\workspace\projetoMicro\Lib\libarm_cortexM4lf_math.a(arm_common_tables.o)
 .ARM.attributes
                0x00000206       0x25 C:\Users\user\workspace\projetoMicro\Lib\libarm_cortexM4lf_math.a(arm_bitreversal2.o)
 .ARM.attributes
                0x0000022b       0x39 C:\Users\user\workspace\projetoMicro\Lib\libarm_cortexM4lf_math.a(arm_cfft_radix8_f32.o)
 .ARM.attributes
                0x00000264       0x34 c:/ac6/systemworkbench/plugins/fr.ac6.mcu.externaltools.arm-none.win32_1.17.0.201812190825/tools/compiler/bin/../lib/gcc/arm-none-eabi/7.3.1/../../../../arm-none-eabi/lib/thumb/v7e-m/fpv4-sp/hard\libm.a(lib_a-w_sqrt.o)
 .ARM.attributes
                0x00000298       0x34 c:/ac6/systemworkbench/plugins/fr.ac6.mcu.externaltools.arm-none.win32_1.17.0.201812190825/tools/compiler/bin/../lib/gcc/arm-none-eabi/7.3.1/../../../../arm-none-eabi/lib/thumb/v7e-m/fpv4-sp/hard\libm.a(lib_a-e_sqrt.o)
 .ARM.attributes
                0x000002cc       0x34 c:/ac6/systemworkbench/plugins/fr.ac6.mcu.externaltools.arm-none.win32_1.17.0.201812190825/tools/compiler/bin/../lib/gcc/arm-none-eabi/7.3.1/../../../../arm-none-eabi/lib/thumb/v7e-m/fpv4-sp/hard\libm.a(lib_a-s_lib_ver.o)
 .ARM.attributes
                0x00000300       0x34 c:/ac6/systemworkbench/plugins/fr.ac6.mcu.externaltools.arm-none.win32_1.17.0.201812190825/tools/compiler/bin/../lib/gcc/arm-none-eabi/7.3.1/../../../../arm-none-eabi/lib/thumb/v7e-m/fpv4-sp/hard\libm.a(lib_a-s_matherr.o)
 .ARM.attributes
                0x00000334       0x22 c:/ac6/systemworkbench/plugins/fr.ac6.mcu.externaltools.arm-none.win32_1.17.0.201812190825/tools/compiler/bin/../lib/gcc/arm-none-eabi/7.3.1/thumb/v7e-m/fpv4-sp/hard\libgcc.a(_arm_addsubdf3.o)
 .ARM.attributes
                0x00000356       0x22 c:/ac6/systemworkbench/plugins/fr.ac6.mcu.externaltools.arm-none.win32_1.17.0.201812190825/tools/compiler/bin/../lib/gcc/arm-none-eabi/7.3.1/thumb/v7e-m/fpv4-sp/hard\libgcc.a(_arm_muldivdf3.o)
 .ARM.attributes
                0x00000378       0x22 c:/ac6/systemworkbench/plugins/fr.ac6.mcu.externaltools.arm-none.win32_1.17.0.201812190825/tools/compiler/bin/../lib/gcc/arm-none-eabi/7.3.1/thumb/v7e-m/fpv4-sp/hard\libgcc.a(_arm_cmpdf2.o)
 .ARM.attributes
                0x0000039a       0x22 c:/ac6/systemworkbench/plugins/fr.ac6.mcu.externaltools.arm-none.win32_1.17.0.201812190825/tools/compiler/bin/../lib/gcc/arm-none-eabi/7.3.1/thumb/v7e-m/fpv4-sp/hard\libgcc.a(_arm_unorddf2.o)
 .ARM.attributes
                0x000003bc       0x22 c:/ac6/systemworkbench/plugins/fr.ac6.mcu.externaltools.arm-none.win32_1.17.0.201812190825/tools/compiler/bin/../lib/gcc/arm-none-eabi/7.3.1/thumb/v7e-m/fpv4-sp/hard\libgcc.a(_arm_truncdfsf2.o)
 .ARM.attributes
                0x000003de       0x34 c:/ac6/systemworkbench/plugins/fr.ac6.mcu.externaltools.arm-none.win32_1.17.0.201812190825/tools/compiler/bin/../lib/gcc/arm-none-eabi/7.3.1/../../../../arm-none-eabi/lib/thumb/v7e-m/fpv4-sp/hard\libc.a(lib_a-errno.o)
 .ARM.attributes
                0x00000412       0x34 c:/ac6/systemworkbench/plugins/fr.ac6.mcu.externaltools.arm-none.win32_1.17.0.201812190825/tools/compiler/bin/../lib/gcc/arm-none-eabi/7.3.1/../../../../arm-none-eabi/lib/thumb/v7e-m/fpv4-sp/hard\libc.a(lib_a-impure.o)
 .ARM.attributes
                0x00000446       0x34 c:/ac6/systemworkbench/plugins/fr.ac6.mcu.externaltools.arm-none.win32_1.17.0.201812190825/tools/compiler/bin/../lib/gcc/arm-none-eabi/7.3.1/../../../../arm-none-eabi/lib/thumb/v7e-m/fpv4-sp/hard\libc.a(lib_a-init.o)
 .ARM.attributes
                0x0000047a       0x34 c:/ac6/systemworkbench/plugins/fr.ac6.mcu.externaltools.arm-none.win32_1.17.0.201812190825/tools/compiler/bin/../lib/gcc/arm-none-eabi/7.3.1/../../../../arm-none-eabi/lib/thumb/v7e-m/fpv4-sp/hard\libc.a(lib_a-memset.o)
 .ARM.attributes
                0x000004ae       0x34 c:/ac6/systemworkbench/plugins/fr.ac6.mcu.externaltools.arm-none.win32_1.17.0.201812190825/tools/compiler/bin/../lib/gcc/arm-none-eabi/7.3.1/../../../../arm-none-eabi/lib/thumb/v7e-m/fpv4-sp/hard\libc.a(lib_a-puts.o)
 .ARM.attributes
                0x000004e2       0x20 c:/ac6/systemworkbench/plugins/fr.ac6.mcu.externaltools.arm-none.win32_1.17.0.201812190825/tools/compiler/bin/../lib/gcc/arm-none-eabi/7.3.1/../../../../arm-none-eabi/lib/thumb/v7e-m/fpv4-sp/hard\libc.a(lib_a-strlen.o)
 .ARM.attributes
                0x00000502       0x34 c:/ac6/systemworkbench/plugins/fr.ac6.mcu.externaltools.arm-none.win32_1.17.0.201812190825/tools/compiler/bin/../lib/gcc/arm-none-eabi/7.3.1/../../../../arm-none-eabi/lib/thumb/v7e-m/fpv4-sp/hard\libc.a(lib_a-__call_atexit.o)
 .ARM.attributes
                0x00000536       0x34 c:/ac6/systemworkbench/plugins/fr.ac6.mcu.externaltools.arm-none.win32_1.17.0.201812190825/tools/compiler/bin/../lib/gcc/arm-none-eabi/7.3.1/../../../../arm-none-eabi/lib/thumb/v7e-m/fpv4-sp/hard\libc.a(lib_a-atexit.o)
 .ARM.attributes
                0x0000056a       0x34 c:/ac6/systemworkbench/plugins/fr.ac6.mcu.externaltools.arm-none.win32_1.17.0.201812190825/tools/compiler/bin/../lib/gcc/arm-none-eabi/7.3.1/../../../../arm-none-eabi/lib/thumb/v7e-m/fpv4-sp/hard\libc.a(lib_a-findfp.o)
 .ARM.attributes
                0x0000059e       0x34 c:/ac6/systemworkbench/plugins/fr.ac6.mcu.externaltools.arm-none.win32_1.17.0.201812190825/tools/compiler/bin/../lib/gcc/arm-none-eabi/7.3.1/../../../../arm-none-eabi/lib/thumb/v7e-m/fpv4-sp/hard\libc.a(lib_a-fini.o)
 .ARM.attributes
                0x000005d2       0x34 c:/ac6/systemworkbench/plugins/fr.ac6.mcu.externaltools.arm-none.win32_1.17.0.201812190825/tools/compiler/bin/../lib/gcc/arm-none-eabi/7.3.1/../../../../arm-none-eabi/lib/thumb/v7e-m/fpv4-sp/hard\libc.a(lib_a-fvwrite.o)
 .ARM.attributes
                0x00000606       0x34 c:/ac6/systemworkbench/plugins/fr.ac6.mcu.externaltools.arm-none.win32_1.17.0.201812190825/tools/compiler/bin/../lib/gcc/arm-none-eabi/7.3.1/../../../../arm-none-eabi/lib/thumb/v7e-m/fpv4-sp/hard\libc.a(lib_a-fwalk.o)
 .ARM.attributes
                0x0000063a       0x34 c:/ac6/systemworkbench/plugins/fr.ac6.mcu.externaltools.arm-none.win32_1.17.0.201812190825/tools/compiler/bin/../lib/gcc/arm-none-eabi/7.3.1/../../../../arm-none-eabi/lib/thumb/v7e-m/fpv4-sp/hard\libc.a(lib_a-lock.o)
 .ARM.attributes
                0x0000066e       0x34 c:/ac6/systemworkbench/plugins/fr.ac6.mcu.externaltools.arm-none.win32_1.17.0.201812190825/tools/compiler/bin/../lib/gcc/arm-none-eabi/7.3.1/../../../../arm-none-eabi/lib/thumb/v7e-m/fpv4-sp/hard\libc.a(lib_a-mallocr.o)
 .ARM.attributes
                0x000006a2       0x20 c:/ac6/systemworkbench/plugins/fr.ac6.mcu.externaltools.arm-none.win32_1.17.0.201812190825/tools/compiler/bin/../lib/gcc/arm-none-eabi/7.3.1/../../../../arm-none-eabi/lib/thumb/v7e-m/fpv4-sp/hard\libc.a(lib_a-memchr.o)
 .ARM.attributes
                0x000006c2       0x20 c:/ac6/systemworkbench/plugins/fr.ac6.mcu.externaltools.arm-none.win32_1.17.0.201812190825/tools/compiler/bin/../lib/gcc/arm-none-eabi/7.3.1/../../../../arm-none-eabi/lib/thumb/v7e-m/fpv4-sp/hard\libc.a(lib_a-memcpy.o)
 .ARM.attributes
                0x000006e2       0x34 c:/ac6/systemworkbench/plugins/fr.ac6.mcu.externaltools.arm-none.win32_1.17.0.201812190825/tools/compiler/bin/../lib/gcc/arm-none-eabi/7.3.1/../../../../arm-none-eabi/lib/thumb/v7e-m/fpv4-sp/hard\libc.a(lib_a-memmove.o)
 .ARM.attributes
                0x00000716       0x34 c:/ac6/systemworkbench/plugins/fr.ac6.mcu.externaltools.arm-none.win32_1.17.0.201812190825/tools/compiler/bin/../lib/gcc/arm-none-eabi/7.3.1/../../../../arm-none-eabi/lib/thumb/v7e-m/fpv4-sp/hard\libc.a(lib_a-mlock.o)
 .ARM.attributes
                0x0000074a       0x34 c:/ac6/systemworkbench/plugins/fr.ac6.mcu.externaltools.arm-none.win32_1.17.0.201812190825/tools/compiler/bin/../lib/gcc/arm-none-eabi/7.3.1/../../../../arm-none-eabi/lib/thumb/v7e-m/fpv4-sp/hard\libc.a(lib_a-reallocr.o)
 .ARM.attributes
                0x0000077e       0x34 c:/ac6/systemworkbench/plugins/fr.ac6.mcu.externaltools.arm-none.win32_1.17.0.201812190825/tools/compiler/bin/../lib/gcc/arm-none-eabi/7.3.1/../../../../arm-none-eabi/lib/thumb/v7e-m/fpv4-sp/hard\libc.a(lib_a-sbrkr.o)
 .ARM.attributes
                0x000007b2       0x34 c:/ac6/systemworkbench/plugins/fr.ac6.mcu.externaltools.arm-none.win32_1.17.0.201812190825/tools/compiler/bin/../lib/gcc/arm-none-eabi/7.3.1/../../../../arm-none-eabi/lib/thumb/v7e-m/fpv4-sp/hard\libc.a(lib_a-stdio.o)
 .ARM.attributes
                0x000007e6       0x34 c:/ac6/systemworkbench/plugins/fr.ac6.mcu.externaltools.arm-none.win32_1.17.0.201812190825/tools/compiler/bin/../lib/gcc/arm-none-eabi/7.3.1/../../../../arm-none-eabi/lib/thumb/v7e-m/fpv4-sp/hard\libc.a(lib_a-writer.o)
 .ARM.attributes
                0x0000081a       0x34 c:/ac6/systemworkbench/plugins/fr.ac6.mcu.externaltools.arm-none.win32_1.17.0.201812190825/tools/compiler/bin/../lib/gcc/arm-none-eabi/7.3.1/../../../../arm-none-eabi/lib/thumb/v7e-m/fpv4-sp/hard\libc.a(lib_a-wsetup.o)
 .ARM.attributes
                0x0000084e       0x34 c:/ac6/systemworkbench/plugins/fr.ac6.mcu.externaltools.arm-none.win32_1.17.0.201812190825/tools/compiler/bin/../lib/gcc/arm-none-eabi/7.3.1/../../../../arm-none-eabi/lib/thumb/v7e-m/fpv4-sp/hard\libc.a(lib_a-__atexit.o)
 .ARM.attributes
                0x00000882       0x34 c:/ac6/systemworkbench/plugins/fr.ac6.mcu.externaltools.arm-none.win32_1.17.0.201812190825/tools/compiler/bin/../lib/gcc/arm-none-eabi/7.3.1/../../../../arm-none-eabi/lib/thumb/v7e-m/fpv4-sp/hard\libc.a(lib_a-closer.o)
 .ARM.attributes
                0x000008b6       0x34 c:/ac6/systemworkbench/plugins/fr.ac6.mcu.externaltools.arm-none.win32_1.17.0.201812190825/tools/compiler/bin/../lib/gcc/arm-none-eabi/7.3.1/../../../../arm-none-eabi/lib/thumb/v7e-m/fpv4-sp/hard\libc.a(lib_a-fclose.o)
 .ARM.attributes
                0x000008ea       0x34 c:/ac6/systemworkbench/plugins/fr.ac6.mcu.externaltools.arm-none.win32_1.17.0.201812190825/tools/compiler/bin/../lib/gcc/arm-none-eabi/7.3.1/../../../../arm-none-eabi/lib/thumb/v7e-m/fpv4-sp/hard\libc.a(lib_a-fflush.o)
 .ARM.attributes
                0x0000091e       0x34 c:/ac6/systemworkbench/plugins/fr.ac6.mcu.externaltools.arm-none.win32_1.17.0.201812190825/tools/compiler/bin/../lib/gcc/arm-none-eabi/7.3.1/../../../../arm-none-eabi/lib/thumb/v7e-m/fpv4-sp/hard\libc.a(lib_a-freer.o)
 .ARM.attributes
                0x00000952       0x34 c:/ac6/systemworkbench/plugins/fr.ac6.mcu.externaltools.arm-none.win32_1.17.0.201812190825/tools/compiler/bin/../lib/gcc/arm-none-eabi/7.3.1/../../../../arm-none-eabi/lib/thumb/v7e-m/fpv4-sp/hard\libc.a(lib_a-lseekr.o)
 .ARM.attributes
                0x00000986       0x34 c:/ac6/systemworkbench/plugins/fr.ac6.mcu.externaltools.arm-none.win32_1.17.0.201812190825/tools/compiler/bin/../lib/gcc/arm-none-eabi/7.3.1/../../../../arm-none-eabi/lib/thumb/v7e-m/fpv4-sp/hard\libc.a(lib_a-makebuf.o)
 .ARM.attributes
                0x000009ba       0x34 c:/ac6/systemworkbench/plugins/fr.ac6.mcu.externaltools.arm-none.win32_1.17.0.201812190825/tools/compiler/bin/../lib/gcc/arm-none-eabi/7.3.1/../../../../arm-none-eabi/lib/thumb/v7e-m/fpv4-sp/hard\libc.a(lib_a-readr.o)
 .ARM.attributes
                0x000009ee       0x34 c:/ac6/systemworkbench/plugins/fr.ac6.mcu.externaltools.arm-none.win32_1.17.0.201812190825/tools/compiler/bin/../lib/gcc/arm-none-eabi/7.3.1/../../../../arm-none-eabi/lib/thumb/v7e-m/fpv4-sp/hard\libc.a(lib_a-reent.o)
 .ARM.attributes
                0x00000a22       0x34 c:/ac6/systemworkbench/plugins/fr.ac6.mcu.externaltools.arm-none.win32_1.17.0.201812190825/tools/compiler/bin/../lib/gcc/arm-none-eabi/7.3.1/../../../../arm-none-eabi/lib/thumb/v7e-m/fpv4-sp/hard\libc.a(lib_a-fstatr.o)
 .ARM.attributes
                0x00000a56       0x34 c:/ac6/systemworkbench/plugins/fr.ac6.mcu.externaltools.arm-none.win32_1.17.0.201812190825/tools/compiler/bin/../lib/gcc/arm-none-eabi/7.3.1/../../../../arm-none-eabi/lib/thumb/v7e-m/fpv4-sp/hard\libc.a(lib_a-isattyr.o)
 .ARM.attributes
                0x00000a8a       0x22 c:/ac6/systemworkbench/plugins/fr.ac6.mcu.externaltools.arm-none.win32_1.17.0.201812190825/tools/compiler/bin/../lib/gcc/arm-none-eabi/7.3.1/thumb/v7e-m/fpv4-sp/hard/crtn.o
OUTPUT(projetoMicro.elf elf32-littlearm)

.debug_info     0x00000000     0x5174
 .debug_info    0x00000000     0x1b2e src/main.o
 .debug_info    0x00001b2e      0xf2e src/syscalls.o
 .debug_info    0x00002a5c      0x612 src/system_stm32f4xx.o
 .debug_info    0x0000306e       0x22 startup/startup_stm32.o
 .debug_info    0x00003090      0x4c3 C:\Users\user\workspace\projetoMicro\Lib\libarm_cortexM4lf_math.a(arm_rfft_fast_init_f32.o)
 .debug_info    0x00003553      0x72d C:\Users\user\workspace\projetoMicro\Lib\libarm_cortexM4lf_math.a(arm_rfft_fast_f32.o)
 .debug_info    0x00003c80      0x6b9 C:\Users\user\workspace\projetoMicro\Lib\libarm_cortexM4lf_math.a(arm_cfft_f32.o)
 .debug_info    0x00004339      0x99d C:\Users\user\workspace\projetoMicro\Lib\libarm_cortexM4lf_math.a(arm_common_tables.o)
 .debug_info    0x00004cd6       0x85 C:\Users\user\workspace\projetoMicro\Lib\libarm_cortexM4lf_math.a(arm_bitreversal2.o)
 .debug_info    0x00004d5b      0x419 C:\Users\user\workspace\projetoMicro\Lib\libarm_cortexM4lf_math.a(arm_cfft_radix8_f32.o)

.debug_abbrev   0x00000000      0xd5e
 .debug_abbrev  0x00000000      0x3f5 src/main.o
 .debug_abbrev  0x000003f5      0x2aa src/syscalls.o
 .debug_abbrev  0x0000069f      0x15d src/system_stm32f4xx.o
 .debug_abbrev  0x000007fc       0x12 startup/startup_stm32.o
 .debug_abbrev  0x0000080e       0xfd C:\Users\user\workspace\projetoMicro\Lib\libarm_cortexM4lf_math.a(arm_rfft_fast_init_f32.o)
 .debug_abbrev  0x0000090b      0x188 C:\Users\user\workspace\projetoMicro\Lib\libarm_cortexM4lf_math.a(arm_rfft_fast_f32.o)
 .debug_abbrev  0x00000a93      0x18b C:\Users\user\workspace\projetoMicro\Lib\libarm_cortexM4lf_math.a(arm_cfft_f32.o)
 .debug_abbrev  0x00000c1e       0x84 C:\Users\user\workspace\projetoMicro\Lib\libarm_cortexM4lf_math.a(arm_common_tables.o)
 .debug_abbrev  0x00000ca2       0x14 C:\Users\user\workspace\projetoMicro\Lib\libarm_cortexM4lf_math.a(arm_bitreversal2.o)
 .debug_abbrev  0x00000cb6       0xa8 C:\Users\user\workspace\projetoMicro\Lib\libarm_cortexM4lf_math.a(arm_cfft_radix8_f32.o)

.debug_aranges  0x00000000      0x2b8
 .debug_aranges
                0x00000000       0xd8 src/main.o
 .debug_aranges
                0x000000d8       0xb0 src/syscalls.o
 .debug_aranges
                0x00000188       0x30 src/system_stm32f4xx.o
 .debug_aranges
                0x000001b8       0x28 startup/startup_stm32.o
 .debug_aranges
                0x000001e0       0x20 C:\Users\user\workspace\projetoMicro\Lib\libarm_cortexM4lf_math.a(arm_rfft_fast_init_f32.o)
 .debug_aranges
                0x00000200       0x30 C:\Users\user\workspace\projetoMicro\Lib\libarm_cortexM4lf_math.a(arm_rfft_fast_f32.o)
 .debug_aranges
                0x00000230       0x30 C:\Users\user\workspace\projetoMicro\Lib\libarm_cortexM4lf_math.a(arm_cfft_f32.o)
 .debug_aranges
                0x00000260       0x18 C:\Users\user\workspace\projetoMicro\Lib\libarm_cortexM4lf_math.a(arm_common_tables.o)
 .debug_aranges
                0x00000278       0x20 C:\Users\user\workspace\projetoMicro\Lib\libarm_cortexM4lf_math.a(arm_bitreversal2.o)
 .debug_aranges
                0x00000298       0x20 C:\Users\user\workspace\projetoMicro\Lib\libarm_cortexM4lf_math.a(arm_cfft_radix8_f32.o)

.debug_ranges   0x00000000      0x208
 .debug_ranges  0x00000000       0xc8 src/main.o
 .debug_ranges  0x000000c8       0xa0 src/syscalls.o
 .debug_ranges  0x00000168       0x20 src/system_stm32f4xx.o
 .debug_ranges  0x00000188       0x20 startup/startup_stm32.o
 .debug_ranges  0x000001a8       0x10 C:\Users\user\workspace\projetoMicro\Lib\libarm_cortexM4lf_math.a(arm_rfft_fast_init_f32.o)
 .debug_ranges  0x000001b8       0x20 C:\Users\user\workspace\projetoMicro\Lib\libarm_cortexM4lf_math.a(arm_rfft_fast_f32.o)
 .debug_ranges  0x000001d8       0x20 C:\Users\user\workspace\projetoMicro\Lib\libarm_cortexM4lf_math.a(arm_cfft_f32.o)
 .debug_ranges  0x000001f8       0x10 C:\Users\user\workspace\projetoMicro\Lib\libarm_cortexM4lf_math.a(arm_cfft_radix8_f32.o)

.debug_macro    0x00000000     0x1ff4
 .debug_macro   0x00000000      0x37e src/main.o
 .debug_macro   0x0000037e       0x5e src/main.o
 .debug_macro   0x000003dc       0x18 src/main.o
 .debug_macro   0x000003f4       0x35 src/main.o
 .debug_macro   0x00000429       0x34 src/main.o
 .debug_macro   0x0000045d       0x16 src/main.o
 .debug_macro   0x00000473       0x97 src/main.o
 .debug_macro   0x0000050a      0x330 src/main.o
 .debug_macro   0x0000083a       0xfd src/main.o
 .debug_macro   0x00000937       0x10 src/main.o
 .debug_macro   0x00000947       0x58 src/main.o
 .debug_macro   0x0000099f       0x1f src/main.o
 .debug_macro   0x000009be       0x43 src/main.o
 .debug_macro   0x00000a01       0x20 src/main.o
 .debug_macro   0x00000a21      0x18e src/main.o
 .debug_macro   0x00000baf       0x10 src/main.o
 .debug_macro   0x00000bbf       0x1c src/main.o
 .debug_macro   0x00000bdb       0x52 src/main.o
 .debug_macro   0x00000c2d       0x40 src/main.o
 .debug_macro   0x00000c6d       0x10 src/main.o
 .debug_macro   0x00000c7d       0x40 src/main.o
 .debug_macro   0x00000cbd       0xd7 src/main.o
 .debug_macro   0x00000d94       0x1c src/main.o
 .debug_macro   0x00000db0       0x3d src/main.o
 .debug_macro   0x00000ded       0x16 src/main.o
 .debug_macro   0x00000e03      0x16f src/main.o
 .debug_macro   0x00000f72       0x22 src/main.o
 .debug_macro   0x00000f94       0x12 src/main.o
 .debug_macro   0x00000fa6       0x16 src/main.o
 .debug_macro   0x00000fbc       0x35 src/main.o
 .debug_macro   0x00000ff1      0x1e1 src/main.o
 .debug_macro   0x000011d2       0xd6 src/main.o
 .debug_macro   0x000012a8      0x243 src/syscalls.o
 .debug_macro   0x000014eb       0x58 src/syscalls.o
 .debug_macro   0x00001543       0x94 src/syscalls.o
 .debug_macro   0x000015d7       0x57 src/syscalls.o
 .debug_macro   0x0000162e      0x174 src/syscalls.o
 .debug_macro   0x000017a2       0x10 src/syscalls.o
 .debug_macro   0x000017b2       0x10 src/syscalls.o
 .debug_macro   0x000017c2       0x10 src/syscalls.o
 .debug_macro   0x000017d2       0x35 src/syscalls.o
 .debug_macro   0x00001807      0x122 src/syscalls.o
 .debug_macro   0x00001929       0x16 src/syscalls.o
 .debug_macro   0x0000193f       0x16 src/syscalls.o
 .debug_macro   0x00001955       0x29 src/syscalls.o
 .debug_macro   0x0000197e       0x10 src/syscalls.o
 .debug_macro   0x0000198e      0x241 src/syscalls.o
 .debug_macro   0x00001bcf       0x1c src/syscalls.o
 .debug_macro   0x00001beb       0x10 src/syscalls.o
 .debug_macro   0x00001bfb      0x189 src/syscalls.o
 .debug_macro   0x00001d84       0x16 src/syscalls.o
 .debug_macro   0x00001d9a       0x88 src/syscalls.o
 .debug_macro   0x00001e22      0x1d2 src/system_stm32f4xx.o

.debug_line     0x00000000     0x2b1a
 .debug_line    0x00000000      0xa49 src/main.o
 .debug_line    0x00000a49      0x5df src/syscalls.o
 .debug_line    0x00001028      0x64b src/system_stm32f4xx.o
 .debug_line    0x00001673       0x7c startup/startup_stm32.o
 .debug_line    0x000016ef      0x1ab C:\Users\user\workspace\projetoMicro\Lib\libarm_cortexM4lf_math.a(arm_rfft_fast_init_f32.o)
 .debug_line    0x0000189a      0x2c2 C:\Users\user\workspace\projetoMicro\Lib\libarm_cortexM4lf_math.a(arm_rfft_fast_f32.o)
 .debug_line    0x00001b5c      0x77e C:\Users\user\workspace\projetoMicro\Lib\libarm_cortexM4lf_math.a(arm_cfft_f32.o)
 .debug_line    0x000022da      0x12e C:\Users\user\workspace\projetoMicro\Lib\libarm_cortexM4lf_math.a(arm_common_tables.o)
 .debug_line    0x00002408       0x98 C:\Users\user\workspace\projetoMicro\Lib\libarm_cortexM4lf_math.a(arm_bitreversal2.o)
 .debug_line    0x000024a0      0x67a C:\Users\user\workspace\projetoMicro\Lib\libarm_cortexM4lf_math.a(arm_cfft_radix8_f32.o)

.debug_str      0x00000000    0x65d90
 .debug_str     0x00000000    0x641c5 src/main.o
                              0x6452b (size before relaxing)
 .debug_str     0x000641c5     0x11f5 src/syscalls.o
                               0x85a1 (size before relaxing)
 .debug_str     0x000653ba       0xe6 src/system_stm32f4xx.o
                              0x5ebda (size before relaxing)
 .debug_str     0x000654a0       0x29 startup/startup_stm32.o
                                 0x54 (size before relaxing)
 .debug_str     0x000654c9      0x3d8 C:\Users\user\workspace\projetoMicro\Lib\libarm_cortexM4lf_math.a(arm_rfft_fast_init_f32.o)
                                0x517 (size before relaxing)
 .debug_str     0x000658a1       0x7c C:\Users\user\workspace\projetoMicro\Lib\libarm_cortexM4lf_math.a(arm_rfft_fast_f32.o)
                                0x2f4 (size before relaxing)
 .debug_str     0x0006591d      0x109 C:\Users\user\workspace\projetoMicro\Lib\libarm_cortexM4lf_math.a(arm_cfft_f32.o)
                                0x35f (size before relaxing)
 .debug_str     0x00065a26      0x327 C:\Users\user\workspace\projetoMicro\Lib\libarm_cortexM4lf_math.a(arm_common_tables.o)
                                0x704 (size before relaxing)
 .debug_str     0x00065d4d       0x43 C:\Users\user\workspace\projetoMicro\Lib\libarm_cortexM4lf_math.a(arm_cfft_radix8_f32.o)
                                0x256 (size before relaxing)

.comment        0x00000000       0xef
 .comment       0x00000000       0x7f src/main.o
                                 0x80 (size before relaxing)
 .comment       0x0000007f       0x80 src/syscalls.o
 .comment       0x0000007f       0x80 src/system_stm32f4xx.o
 .comment       0x0000007f       0x70 C:\Users\user\workspace\projetoMicro\Lib\libarm_cortexM4lf_math.a(arm_rfft_fast_init_f32.o)
                                 0x71 (size before relaxing)
 .comment       0x000000ef       0x71 C:\Users\user\workspace\projetoMicro\Lib\libarm_cortexM4lf_math.a(arm_rfft_fast_f32.o)
 .comment       0x000000ef       0x71 C:\Users\user\workspace\projetoMicro\Lib\libarm_cortexM4lf_math.a(arm_cfft_f32.o)
 .comment       0x000000ef       0x71 C:\Users\user\workspace\projetoMicro\Lib\libarm_cortexM4lf_math.a(arm_common_tables.o)
 .comment       0x000000ef       0x71 C:\Users\user\workspace\projetoMicro\Lib\libarm_cortexM4lf_math.a(arm_cfft_radix8_f32.o)

.debug_frame    0x00000000     0x14ac
 .debug_frame   0x00000000      0x33c src/main.o
 .debug_frame   0x0000033c      0x2d0 src/syscalls.o
 .debug_frame   0x0000060c       0x7c src/system_stm32f4xx.o
 .debug_frame   0x00000688       0x34 C:\Users\user\workspace\projetoMicro\Lib\libarm_cortexM4lf_math.a(arm_rfft_fast_init_f32.o)
 .debug_frame   0x000006bc       0x74 C:\Users\user\workspace\projetoMicro\Lib\libarm_cortexM4lf_math.a(arm_rfft_fast_f32.o)
 .debug_frame   0x00000730       0xfc C:\Users\user\workspace\projetoMicro\Lib\libarm_cortexM4lf_math.a(arm_cfft_f32.o)
 .debug_frame   0x0000082c       0x94 C:\Users\user\workspace\projetoMicro\Lib\libarm_cortexM4lf_math.a(arm_cfft_radix8_f32.o)
 .debug_frame   0x000008c0       0x4c c:/ac6/systemworkbench/plugins/fr.ac6.mcu.externaltools.arm-none.win32_1.17.0.201812190825/tools/compiler/bin/../lib/gcc/arm-none-eabi/7.3.1/../../../../arm-none-eabi/lib/thumb/v7e-m/fpv4-sp/hard\libm.a(lib_a-w_sqrt.o)
 .debug_frame   0x0000090c       0x30 c:/ac6/systemworkbench/plugins/fr.ac6.mcu.externaltools.arm-none.win32_1.17.0.201812190825/tools/compiler/bin/../lib/gcc/arm-none-eabi/7.3.1/../../../../arm-none-eabi/lib/thumb/v7e-m/fpv4-sp/hard\libm.a(lib_a-e_sqrt.o)
 .debug_frame   0x0000093c       0x20 c:/ac6/systemworkbench/plugins/fr.ac6.mcu.externaltools.arm-none.win32_1.17.0.201812190825/tools/compiler/bin/../lib/gcc/arm-none-eabi/7.3.1/../../../../arm-none-eabi/lib/thumb/v7e-m/fpv4-sp/hard\libm.a(lib_a-s_matherr.o)
 .debug_frame   0x0000095c       0xac c:/ac6/systemworkbench/plugins/fr.ac6.mcu.externaltools.arm-none.win32_1.17.0.201812190825/tools/compiler/bin/../lib/gcc/arm-none-eabi/7.3.1/thumb/v7e-m/fpv4-sp/hard\libgcc.a(_arm_addsubdf3.o)
 .debug_frame   0x00000a08       0x50 c:/ac6/systemworkbench/plugins/fr.ac6.mcu.externaltools.arm-none.win32_1.17.0.201812190825/tools/compiler/bin/../lib/gcc/arm-none-eabi/7.3.1/thumb/v7e-m/fpv4-sp/hard\libgcc.a(_arm_muldivdf3.o)
 .debug_frame   0x00000a58       0xc4 c:/ac6/systemworkbench/plugins/fr.ac6.mcu.externaltools.arm-none.win32_1.17.0.201812190825/tools/compiler/bin/../lib/gcc/arm-none-eabi/7.3.1/thumb/v7e-m/fpv4-sp/hard\libgcc.a(_arm_cmpdf2.o)
 .debug_frame   0x00000b1c       0x20 c:/ac6/systemworkbench/plugins/fr.ac6.mcu.externaltools.arm-none.win32_1.17.0.201812190825/tools/compiler/bin/../lib/gcc/arm-none-eabi/7.3.1/thumb/v7e-m/fpv4-sp/hard\libgcc.a(_arm_unorddf2.o)
 .debug_frame   0x00000b3c       0x24 c:/ac6/systemworkbench/plugins/fr.ac6.mcu.externaltools.arm-none.win32_1.17.0.201812190825/tools/compiler/bin/../lib/gcc/arm-none-eabi/7.3.1/thumb/v7e-m/fpv4-sp/hard\libgcc.a(_arm_truncdfsf2.o)
 .debug_frame   0x00000b60       0x20 c:/ac6/systemworkbench/plugins/fr.ac6.mcu.externaltools.arm-none.win32_1.17.0.201812190825/tools/compiler/bin/../lib/gcc/arm-none-eabi/7.3.1/../../../../arm-none-eabi/lib/thumb/v7e-m/fpv4-sp/hard\libc.a(lib_a-errno.o)
 .debug_frame   0x00000b80       0x2c c:/ac6/systemworkbench/plugins/fr.ac6.mcu.externaltools.arm-none.win32_1.17.0.201812190825/tools/compiler/bin/../lib/gcc/arm-none-eabi/7.3.1/../../../../arm-none-eabi/lib/thumb/v7e-m/fpv4-sp/hard\libc.a(lib_a-init.o)
 .debug_frame   0x00000bac       0x38 c:/ac6/systemworkbench/plugins/fr.ac6.mcu.externaltools.arm-none.win32_1.17.0.201812190825/tools/compiler/bin/../lib/gcc/arm-none-eabi/7.3.1/../../../../arm-none-eabi/lib/thumb/v7e-m/fpv4-sp/hard\libc.a(lib_a-memset.o)
 .debug_frame   0x00000be4       0x4c c:/ac6/systemworkbench/plugins/fr.ac6.mcu.externaltools.arm-none.win32_1.17.0.201812190825/tools/compiler/bin/../lib/gcc/arm-none-eabi/7.3.1/../../../../arm-none-eabi/lib/thumb/v7e-m/fpv4-sp/hard\libc.a(lib_a-puts.o)
 .debug_frame   0x00000c30       0x5c c:/ac6/systemworkbench/plugins/fr.ac6.mcu.externaltools.arm-none.win32_1.17.0.201812190825/tools/compiler/bin/../lib/gcc/arm-none-eabi/7.3.1/../../../../arm-none-eabi/lib/thumb/v7e-m/fpv4-sp/hard\libc.a(lib_a-__call_atexit.o)
 .debug_frame   0x00000c8c       0x20 c:/ac6/systemworkbench/plugins/fr.ac6.mcu.externaltools.arm-none.win32_1.17.0.201812190825/tools/compiler/bin/../lib/gcc/arm-none-eabi/7.3.1/../../../../arm-none-eabi/lib/thumb/v7e-m/fpv4-sp/hard\libc.a(lib_a-atexit.o)
 .debug_frame   0x00000cac      0x148 c:/ac6/systemworkbench/plugins/fr.ac6.mcu.externaltools.arm-none.win32_1.17.0.201812190825/tools/compiler/bin/../lib/gcc/arm-none-eabi/7.3.1/../../../../arm-none-eabi/lib/thumb/v7e-m/fpv4-sp/hard\libc.a(lib_a-findfp.o)
 .debug_frame   0x00000df4       0x34 c:/ac6/systemworkbench/plugins/fr.ac6.mcu.externaltools.arm-none.win32_1.17.0.201812190825/tools/compiler/bin/../lib/gcc/arm-none-eabi/7.3.1/../../../../arm-none-eabi/lib/thumb/v7e-m/fpv4-sp/hard\libc.a(lib_a-fini.o)
 .debug_frame   0x00000e28       0x64 c:/ac6/systemworkbench/plugins/fr.ac6.mcu.externaltools.arm-none.win32_1.17.0.201812190825/tools/compiler/bin/../lib/gcc/arm-none-eabi/7.3.1/../../../../arm-none-eabi/lib/thumb/v7e-m/fpv4-sp/hard\libc.a(lib_a-fvwrite.o)
 .debug_frame   0x00000e8c       0x54 c:/ac6/systemworkbench/plugins/fr.ac6.mcu.externaltools.arm-none.win32_1.17.0.201812190825/tools/compiler/bin/../lib/gcc/arm-none-eabi/7.3.1/../../../../arm-none-eabi/lib/thumb/v7e-m/fpv4-sp/hard\libc.a(lib_a-fwalk.o)
 .debug_frame   0x00000ee0       0xb0 c:/ac6/systemworkbench/plugins/fr.ac6.mcu.externaltools.arm-none.win32_1.17.0.201812190825/tools/compiler/bin/../lib/gcc/arm-none-eabi/7.3.1/../../../../arm-none-eabi/lib/thumb/v7e-m/fpv4-sp/hard\libc.a(lib_a-lock.o)
 .debug_frame   0x00000f90       0x54 c:/ac6/systemworkbench/plugins/fr.ac6.mcu.externaltools.arm-none.win32_1.17.0.201812190825/tools/compiler/bin/../lib/gcc/arm-none-eabi/7.3.1/../../../../arm-none-eabi/lib/thumb/v7e-m/fpv4-sp/hard\libc.a(lib_a-mallocr.o)
 .debug_frame   0x00000fe4       0x40 c:/ac6/systemworkbench/plugins/fr.ac6.mcu.externaltools.arm-none.win32_1.17.0.201812190825/tools/compiler/bin/../lib/gcc/arm-none-eabi/7.3.1/../../../../arm-none-eabi/lib/thumb/v7e-m/fpv4-sp/hard\libc.a(lib_a-memmove.o)
 .debug_frame   0x00001024       0x30 c:/ac6/systemworkbench/plugins/fr.ac6.mcu.externaltools.arm-none.win32_1.17.0.201812190825/tools/compiler/bin/../lib/gcc/arm-none-eabi/7.3.1/../../../../arm-none-eabi/lib/thumb/v7e-m/fpv4-sp/hard\libc.a(lib_a-mlock.o)
 .debug_frame   0x00001054       0x58 c:/ac6/systemworkbench/plugins/fr.ac6.mcu.externaltools.arm-none.win32_1.17.0.201812190825/tools/compiler/bin/../lib/gcc/arm-none-eabi/7.3.1/../../../../arm-none-eabi/lib/thumb/v7e-m/fpv4-sp/hard\libc.a(lib_a-reallocr.o)
 .debug_frame   0x000010ac       0x2c c:/ac6/systemworkbench/plugins/fr.ac6.mcu.externaltools.arm-none.win32_1.17.0.201812190825/tools/compiler/bin/../lib/gcc/arm-none-eabi/7.3.1/../../../../arm-none-eabi/lib/thumb/v7e-m/fpv4-sp/hard\libc.a(lib_a-sbrkr.o)
 .debug_frame   0x000010d8       0x88 c:/ac6/systemworkbench/plugins/fr.ac6.mcu.externaltools.arm-none.win32_1.17.0.201812190825/tools/compiler/bin/../lib/gcc/arm-none-eabi/7.3.1/../../../../arm-none-eabi/lib/thumb/v7e-m/fpv4-sp/hard\libc.a(lib_a-stdio.o)
 .debug_frame   0x00001160       0x2c c:/ac6/systemworkbench/plugins/fr.ac6.mcu.externaltools.arm-none.win32_1.17.0.201812190825/tools/compiler/bin/../lib/gcc/arm-none-eabi/7.3.1/../../../../arm-none-eabi/lib/thumb/v7e-m/fpv4-sp/hard\libc.a(lib_a-writer.o)
 .debug_frame   0x0000118c       0x2c c:/ac6/systemworkbench/plugins/fr.ac6.mcu.externaltools.arm-none.win32_1.17.0.201812190825/tools/compiler/bin/../lib/gcc/arm-none-eabi/7.3.1/../../../../arm-none-eabi/lib/thumb/v7e-m/fpv4-sp/hard\libc.a(lib_a-wsetup.o)
 .debug_frame   0x000011b8       0x34 c:/ac6/systemworkbench/plugins/fr.ac6.mcu.externaltools.arm-none.win32_1.17.0.201812190825/tools/compiler/bin/../lib/gcc/arm-none-eabi/7.3.1/../../../../arm-none-eabi/lib/thumb/v7e-m/fpv4-sp/hard\libc.a(lib_a-__atexit.o)
 .debug_frame   0x000011ec       0x2c c:/ac6/systemworkbench/plugins/fr.ac6.mcu.externaltools.arm-none.win32_1.17.0.201812190825/tools/compiler/bin/../lib/gcc/arm-none-eabi/7.3.1/../../../../arm-none-eabi/lib/thumb/v7e-m/fpv4-sp/hard\libc.a(lib_a-closer.o)
 .debug_frame   0x00001218       0x3c c:/ac6/systemworkbench/plugins/fr.ac6.mcu.externaltools.arm-none.win32_1.17.0.201812190825/tools/compiler/bin/../lib/gcc/arm-none-eabi/7.3.1/../../../../arm-none-eabi/lib/thumb/v7e-m/fpv4-sp/hard\libc.a(lib_a-fclose.o)
 .debug_frame   0x00001254       0x5c c:/ac6/systemworkbench/plugins/fr.ac6.mcu.externaltools.arm-none.win32_1.17.0.201812190825/tools/compiler/bin/../lib/gcc/arm-none-eabi/7.3.1/../../../../arm-none-eabi/lib/thumb/v7e-m/fpv4-sp/hard\libc.a(lib_a-fflush.o)
 .debug_frame   0x000012b0       0x80 c:/ac6/systemworkbench/plugins/fr.ac6.mcu.externaltools.arm-none.win32_1.17.0.201812190825/tools/compiler/bin/../lib/gcc/arm-none-eabi/7.3.1/../../../../arm-none-eabi/lib/thumb/v7e-m/fpv4-sp/hard\libc.a(lib_a-freer.o)
 .debug_frame   0x00001330       0x2c c:/ac6/systemworkbench/plugins/fr.ac6.mcu.externaltools.arm-none.win32_1.17.0.201812190825/tools/compiler/bin/../lib/gcc/arm-none-eabi/7.3.1/../../../../arm-none-eabi/lib/thumb/v7e-m/fpv4-sp/hard\libc.a(lib_a-lseekr.o)
 .debug_frame   0x0000135c       0x64 c:/ac6/systemworkbench/plugins/fr.ac6.mcu.externaltools.arm-none.win32_1.17.0.201812190825/tools/compiler/bin/../lib/gcc/arm-none-eabi/7.3.1/../../../../arm-none-eabi/lib/thumb/v7e-m/fpv4-sp/hard\libc.a(lib_a-makebuf.o)
 .debug_frame   0x000013c0       0x2c c:/ac6/systemworkbench/plugins/fr.ac6.mcu.externaltools.arm-none.win32_1.17.0.201812190825/tools/compiler/bin/../lib/gcc/arm-none-eabi/7.3.1/../../../../arm-none-eabi/lib/thumb/v7e-m/fpv4-sp/hard\libc.a(lib_a-readr.o)
 .debug_frame   0x000013ec       0x68 c:/ac6/systemworkbench/plugins/fr.ac6.mcu.externaltools.arm-none.win32_1.17.0.201812190825/tools/compiler/bin/../lib/gcc/arm-none-eabi/7.3.1/../../../../arm-none-eabi/lib/thumb/v7e-m/fpv4-sp/hard\libc.a(lib_a-reent.o)
 .debug_frame   0x00001454       0x2c c:/ac6/systemworkbench/plugins/fr.ac6.mcu.externaltools.arm-none.win32_1.17.0.201812190825/tools/compiler/bin/../lib/gcc/arm-none-eabi/7.3.1/../../../../arm-none-eabi/lib/thumb/v7e-m/fpv4-sp/hard\libc.a(lib_a-fstatr.o)
 .debug_frame   0x00001480       0x2c c:/ac6/systemworkbench/plugins/fr.ac6.mcu.externaltools.arm-none.win32_1.17.0.201812190825/tools/compiler/bin/../lib/gcc/arm-none-eabi/7.3.1/../../../../arm-none-eabi/lib/thumb/v7e-m/fpv4-sp/hard\libc.a(lib_a-isattyr.o)

.debug_loc      0x00000000     0x2a79
 .debug_loc     0x00000000      0x1a6 C:\Users\user\workspace\projetoMicro\Lib\libarm_cortexM4lf_math.a(arm_rfft_fast_init_f32.o)
 .debug_loc     0x000001a6      0xf1a C:\Users\user\workspace\projetoMicro\Lib\libarm_cortexM4lf_math.a(arm_rfft_fast_f32.o)
 .debug_loc     0x000010c0     0x1053 C:\Users\user\workspace\projetoMicro\Lib\libarm_cortexM4lf_math.a(arm_cfft_f32.o)
 .debug_loc     0x00002113      0x966 C:\Users\user\workspace\projetoMicro\Lib\libarm_cortexM4lf_math.a(arm_cfft_radix8_f32.o)
